Component: ARM Compiler 5.05 update 1 (build 106) Tool: armlink [4d0efa]

==============================================================================

Section Cross References

    startup_stm32f446xx.o(RESET) refers to startup_stm32f446xx.o(STACK) for __initial_sp
    startup_stm32f446xx.o(RESET) refers to startup_stm32f446xx.o(.text) for Reset_Handler
    startup_stm32f446xx.o(RESET) refers to stm32f4xx_it.o(i.NMI_Handler) for NMI_Handler
    startup_stm32f446xx.o(RESET) refers to stm32f4xx_it.o(i.HardFault_Handler) for HardFault_Handler
    startup_stm32f446xx.o(RESET) refers to stm32f4xx_it.o(i.MemManage_Handler) for MemManage_Handler
    startup_stm32f446xx.o(RESET) refers to stm32f4xx_it.o(i.BusFault_Handler) for BusFault_Handler
    startup_stm32f446xx.o(RESET) refers to stm32f4xx_it.o(i.UsageFault_Handler) for UsageFault_Handler
    startup_stm32f446xx.o(RESET) refers to stm32f4xx_it.o(i.SVC_Handler) for SVC_Handler
    startup_stm32f446xx.o(RESET) refers to stm32f4xx_it.o(i.DebugMon_Handler) for DebugMon_Handler
    startup_stm32f446xx.o(RESET) refers to stm32f4xx_it.o(i.PendSV_Handler) for PendSV_Handler
    startup_stm32f446xx.o(RESET) refers to stm32f4xx_it.o(i.SysTick_Handler) for SysTick_Handler
    startup_stm32f446xx.o(RESET) refers to stm32f4xx_it.o(i.TIM1_BRK_TIM9_IRQHandler) for TIM1_BRK_TIM9_IRQHandler
    startup_stm32f446xx.o(RESET) refers to stm32f4xx_it.o(i.TIM3_IRQHandler) for TIM3_IRQHandler
    startup_stm32f446xx.o(RESET) refers to stm32f4xx_it.o(i.I2C1_EV_IRQHandler) for I2C1_EV_IRQHandler
    startup_stm32f446xx.o(RESET) refers to stm32f4xx_it.o(i.I2C1_ER_IRQHandler) for I2C1_ER_IRQHandler
    startup_stm32f446xx.o(RESET) refers to stm32f4xx_it.o(i.USART1_IRQHandler) for USART1_IRQHandler
    startup_stm32f446xx.o(RESET) refers to stm32f4xx_it.o(i.EXTI15_10_IRQHandler) for EXTI15_10_IRQHandler
    startup_stm32f446xx.o(RESET) refers to stm32f4xx_it.o(i.UART4_IRQHandler) for UART4_IRQHandler
    startup_stm32f446xx.o(RESET) refers to stm32f4xx_it.o(i.UART5_IRQHandler) for UART5_IRQHandler
    startup_stm32f446xx.o(RESET) refers to stm32f4xx_it.o(i.TIM6_DAC_IRQHandler) for TIM6_DAC_IRQHandler
    startup_stm32f446xx.o(RESET) refers to stm32f4xx_it.o(i.TIM7_IRQHandler) for TIM7_IRQHandler
    startup_stm32f446xx.o(.text) refers to system_stm32f4xx.o(i.SystemInit) for SystemInit
    startup_stm32f446xx.o(.text) refers to entry.o(.ARM.Collect$$$$00000000) for __main
    delay.o(i.delay_init) refers to stm32f4xx_hal_cortex.o(i.HAL_SYSTICK_CLKSourceConfig) for HAL_SYSTICK_CLKSourceConfig
    delay.o(i.delay_init) refers to delay.o(.data) for .data
    delay.o(i.delay_ms) refers to delay.o(i.delay_us) for delay_us
    delay.o(i.delay_us) refers to delay.o(.data) for .data
    esp32.o(i.esp32_check_cmd) refers to strstr.o(.text) for strstr
    esp32.o(i.esp32_check_cmd) refers to usart.o(.data) for UART4_RX_STA
    esp32.o(i.esp32_check_cmd) refers to usart.o(.bss) for UART4_RX_BUF
    esp32.o(i.esp32_fmc_fpga) refers to printfa.o(i.__0printf) for __2printf
    esp32.o(i.esp32_fmc_fpga) refers to usart.o(.data) for DATA_RX_STA
    esp32.o(i.esp32_fmc_fpga) refers to uart_menu.o(.bss) for buffer
    esp32.o(i.esp32_fmc_fpga) refers to usart.o(.bss) for DATA_RX_BUF
    esp32.o(i.esp32_fmc_fpga) refers to uart_menu.o(.bss) for Rxdata_BUF
    esp32.o(i.esp32_fmc_fpga) refers to uart_menu.o(.data) for cntRx
    esp32.o(i.esp32_fmc_fpga) refers to uart_menu.o(.data) for strRx
    esp32.o(i.esp32_send_cmd) refers to usart.o(i.u3_printf) for u3_printf
    esp32.o(i.esp32_send_cmd) refers to stm32f4xx_ll_utils.o(i.LL_mDelay) for LL_mDelay
    esp32.o(i.esp32_send_cmd) refers to esp32.o(i.esp32_check_cmd) for esp32_check_cmd
    esp32.o(i.esp32_send_cmd) refers to printfa.o(i.__0printf) for __2printf
    esp32.o(i.esp32_send_cmd) refers to usart.o(.data) for UART4_RX_STA
    esp32.o(i.esp32_send_data) refers to usart.o(i.u3_printf) for u3_printf
    esp32.o(i.esp32_send_data) refers to stm32f4xx_ll_utils.o(i.LL_mDelay) for LL_mDelay
    esp32.o(i.esp32_send_data) refers to printfa.o(i.__0printf) for __2printf
    esp32.o(i.esp32_send_data) refers to usart.o(.data) for UART4_RX_STA
    esp32.o(i.esp32_send_data) refers to usart.o(.bss) for UART4_RX_BUF
    esp32.o(i.esp32_start_trans) refers to esp32.o(i.esp32_send_cmd) for esp32_send_cmd
    esp32.o(i.esp32_start_trans) refers to stm32f4xx_ll_utils.o(i.LL_mDelay) for LL_mDelay
    esp32.o(i.esp32_start_trans) refers to printfa.o(i.__0printf) for __2printf
    esp32.o(i.esp32_start_trans) refers to esp32.o(i.esp32_check_cmd) for esp32_check_cmd
    esp32.o(i.esp32_start_trans) refers to usart.o(.data) for UART4_cnt
    uart_menu.o(i.FourPage) refers to usart.o(i.u3_printf) for u3_printf
    uart_menu.o(i.FourPage) refers to uart_menu.o(.data) for .data
    uart_menu.o(i.OnePage) refers to esp32.o(i.esp32_send_cmd) for esp32_send_cmd
    uart_menu.o(i.OnePage) refers to esp32.o(i.esp32_send_data) for esp32_send_data
[...]
    .text                                    0x08000820   Section       36  init.o(.text)
    .text                                    0x08000844   Section        0  __dclz77c.o(.text)
    i.ADC_Init                               0x080008a4   Section        0  stm32f4xx_hal_adc.o(i.ADC_Init)
    ADC_Init                                 0x080008a5   Thumb Code   284  stm32f4xx_hal_adc.o(i.ADC_Init)
    i.ADC_Value                              0x080009cc   Section        0  adc.o(i.ADC_Value)
    i.BQ_25792_init                          0x08000c0c   Section        0  i2c.o(i.BQ_25792_init)
    i.BusFault_Handler                       0x08000cf0   Section        0  stm32f4xx_it.o(i.BusFault_Handler)
    i.DebugMon_Handler                       0x08000cf2   Section        0  stm32f4xx_it.o(i.DebugMon_Handler)
    i.EXTI15_10_IRQHandler                   0x08000cf4   Section        0  stm32f4xx_it.o(i.EXTI15_10_IRQHandler)
    i.Error_Handler                          0x08000d74   Section        0  main.o(i.Error_Handler)
    i.FMC_NORSRAM_Extended_Timing_Init       0x08000d78   Section        0  stm32f4xx_ll_fmc.o(i.FMC_NORSRAM_Extended_Timing_Init)
    i.FMC_NORSRAM_Init                       0x08000db8   Section        0  stm32f4xx_ll_fmc.o(i.FMC_NORSRAM_Init)
    i.FMC_NORSRAM_Timing_Init                0x08000e30   Section        0  stm32f4xx_ll_fmc.o(i.FMC_NORSRAM_Timing_Init)
    i.HAL_ADC_ConfigChannel                  0x08000e8c   Section        0  stm32f4xx_hal_adc.o(i.HAL_ADC_ConfigChannel)
    i.HAL_ADC_GetValue                       0x08000ff0   Section        0  stm32f4xx_hal_adc.o(i.HAL_ADC_GetValue)
    i.HAL_ADC_Init                           0x08000ff6   Section        0  stm32f4xx_hal_adc.o(i.HAL_ADC_Init)
    i.HAL_ADC_MspInit                        0x0800104c   Section        0  adc.o(i.HAL_ADC_MspInit)
    i.HAL_ADC_PollForConversion              0x080010cc   Section        0  stm32f4xx_hal_adc.o(i.HAL_ADC_PollForConversion)
    i.HAL_ADC_Start                          0x08001170   Section        0  stm32f4xx_hal_adc.o(i.HAL_ADC_Start)
    i.HAL_ADC_Stop                           0x0800125c   Section        0  stm32f4xx_hal_adc.o(i.HAL_ADC_Stop)
    i.HAL_CAN_Init                           0x08001298   Section        0  stm32f4xx_hal_can.o(i.HAL_CAN_Init)
    i.HAL_CAN_MspInit                        0x080013b4   Section        0  can.o(i.HAL_CAN_MspInit)
    i.HAL_DMA_Abort_IT                       0x08001420   Section        0  stm32f4xx_hal_dma.o(i.HAL_DMA_Abort_IT)
    i.HAL_DMA_GetState                       0x08001444   Section        0  stm32f4xx_hal_dma.o(i.HAL_DMA_GetState)
    i.HAL_FMC_MspInit                        0x0800144c   Section        0  fmc.o(i.HAL_FMC_MspInit)
    HAL_FMC_MspInit                          0x0800144d   Thumb Code   118  fmc.o(i.HAL_FMC_MspInit)
    i.HAL_GPIO_Init                          0x080014d8   Section        0  stm32f4xx_hal_gpio.o(i.HAL_GPIO_Init)
    i.HAL_GetTick                            0x08001680   Section        0  stm32f4xx_hal.o(i.HAL_GetTick)
    i.HAL_I2C_AbortCpltCallback              0x0800168c   Section        0  stm32f4xx_hal_i2c.o(i.HAL_I2C_AbortCpltCallback)
    i.HAL_I2C_AddrCallback                   0x0800168e   Section        0  stm32f4xx_hal_i2c.o(i.HAL_I2C_AddrCallback)
    i.HAL_I2C_ER_IRQHandler                  0x08001690   Section        0  stm32f4xx_hal_i2c.o(i.HAL_I2C_ER_IRQHandler)
    i.HAL_I2C_EV_IRQHandler                  0x0800174a   Section        0  stm32f4xx_hal_i2c.o(i.HAL_I2C_EV_IRQHandler)
    i.HAL_I2C_ErrorCallback                  0x080019b0   Section        0  stm32f4xx_hal_i2c.o(i.HAL_I2C_ErrorCallback)
    i.HAL_I2C_Init                           0x080019b4   Section        0  stm32f4xx_hal_i2c.o(i.HAL_I2C_Init)
    i.HAL_I2C_ListenCpltCallback             0x08001b3c   Section        0  stm32f4xx_hal_i2c.o(i.HAL_I2C_ListenCpltCallback)
    i.HAL_I2C_MasterRxCpltCallback           0x08001b3e   Section        0  stm32f4xx_hal_i2c.o(i.HAL_I2C_MasterRxCpltCallback)
    i.HAL_I2C_MasterTxCpltCallback           0x08001b40   Section        0  stm32f4xx_hal_i2c.o(i.HAL_I2C_MasterTxCpltCallback)
    i.HAL_I2C_MemRxCpltCallback              0x08001b42   Section        0  stm32f4xx_hal_i2c.o(i.HAL_I2C_MemRxCpltCallback)
    i.HAL_I2C_MemTxCpltCallback              0x08001b44   Section        0  stm32f4xx_hal_i2c.o(i.HAL_I2C_MemTxCpltCallback)
    i.HAL_I2C_MspInit                        0x08001b48   Section        0  i2c.o(i.HAL_I2C_MspInit)
    i.HAL_I2C_SlaveRxCpltCallback            0x08001bd4   Section        0  stm32f4xx_hal_i2c.o(i.HAL_I2C_SlaveRxCpltCallback)
    i.HAL_I2C_SlaveTxCpltCallback            0x08001bd6   Section        0  stm32f4xx_hal_i2c.o(i.HAL_I2C_SlaveTxCpltCallback)
    i.HAL_IncTick                            0x08001bd8   Section        0  stm32f4xx_hal.o(i.HAL_IncTick)
    i.HAL_Init                               0x08001be8   Section        0  stm32f4xx_hal.o(i.HAL_Init)
    i.HAL_InitTick                           0x08001c1c   Section        0  stm32f4xx_hal.o(i.HAL_InitTick)
    i.HAL_MspInit                            0x08001c5c   Section        0  stm32f4xx_hal_msp.o(i.HAL_MspInit)
    i.HAL_NVIC_EnableIRQ                     0x08001c8c   Section        0  stm32f4xx_hal_cortex.o(i.HAL_NVIC_EnableIRQ)
    i.HAL_NVIC_SetPriority                   0x08001ca8   Section        0  stm32f4xx_hal_cortex.o(i.HAL_NVIC_SetPriority)
    i.HAL_NVIC_SetPriorityGrouping           0x08001ce8   Section        0  stm32f4xx_hal_cortex.o(i.HAL_NVIC_SetPriorityGrouping)
    i.HAL_RCC_GetPCLK1Freq                   0x08001d0c   Section        0  stm32f4xx_hal_rcc.o(i.HAL_RCC_GetPCLK1Freq)
    i.HAL_SPI_Init                           0x08001d2c   Section        0  stm32f4xx_hal_spi.o(i.HAL_SPI_Init)
    i.HAL_SPI_MspInit                        0x08001dac   Section        0  spi.o(i.HAL_SPI_MspInit)
    i.HAL_SRAM_Init                          0x08001e14   Section        0  stm32f4xx_hal_sram.o(i.HAL_SRAM_Init)
    i.HAL_SRAM_MspInit                       0x08001e6a   Section        0  fmc.o(i.HAL_SRAM_MspInit)
    i.HAL_SRAM_Read_16b                      0x08001e6e   Section        0  stm32f4xx_hal_sram.o(i.HAL_SRAM_Read_16b)
    i.HAL_SRAM_Write_16b                     0x08001ea4   Section        0  stm32f4xx_hal_sram.o(i.HAL_SRAM_Write_16b)
    i.HAL_SYSTICK_CLKSourceConfig            0x08001ee6   Section        0  stm32f4xx_hal_cortex.o(i.HAL_SYSTICK_CLKSourceConfig)
    i.HAL_SYSTICK_Config                     0x08001efe   Section        0  stm32f4xx_hal_cortex.o(i.HAL_SYSTICK_Config)
    i.HardFault_Handler                      0x08001f26   Section        0  stm32f4xx_it.o(i.HardFault_Handler)
    i.I2C1_ER_IRQHandler                     0x08001f28   Section        0  stm32f4xx_it.o(i.I2C1_ER_IRQHandler)
    i.I2C1_EV_IRQHandler                     0x08001f34   Section        0  stm32f4xx_it.o(i.I2C1_EV_IRQHandler)
    i.I2C_DMAAbort                           0x08001f40   Section        0  stm32f4xx_hal_i2c.o(i.I2C_DMAAbort)
    I2C_DMAAbort                             0x08001f41   Thumb Code   182  stm32f4xx_hal_i2c.o(i.I2C_DMAAbort)
    i.I2C_ITError                            0x08001ffc   Section        0  stm32f4xx_hal_i2c.o(i.I2C_ITError)
    I2C_ITError                              0x08001ffd   Thumb Code   336  stm32f4xx_hal_i2c.o(i.I2C_ITError)
    i.I2C_MasterReceive_BTF                  0x08002154   Section        0  stm32f4xx_hal_i2c.o(i.I2C_MasterReceive_BTF)
    I2C_MasterReceive_BTF                    0x08002155   Thumb Code   210  stm32f4xx_hal_i2c.o(i.I2C_MasterReceive_BTF)
    i.I2C_MasterReceive_RXNE                 0x08002228   Section        0  stm32f4xx_hal_i2c.o(i.I2C_MasterReceive_RXNE)
    I2C_MasterReceive_RXNE                   0x08002229   Thumb Code   228  stm32f4xx_hal_i2c.o(i.I2C_MasterReceive_RXNE)
    i.I2C_MasterTransmit_BTF                 0x08002310   Section        0  stm32f4xx_hal_i2c.o(i.I2C_MasterTransmit_BTF)
    I2C_MasterTransmit_BTF                   0x08002311   Thumb Code   116  stm32f4xx_hal_i2c.o(i.I2C_MasterTransmit_BTF)
    i.I2C_MasterTransmit_TXE                 0x08002384   Section        0  stm32f4xx_hal_i2c.o(i.I2C_MasterTransmit_TXE)
    I2C_MasterTransmit_TXE                   0x08002385   Thumb Code   182  stm32f4xx_hal_i2c.o(i.I2C_MasterTransmit_TXE)
    i.I2C_Master_ADDR                        0x0800243c   Section        0  stm32f4xx_hal_i2c.o(i.I2C_Master_ADDR)
    I2C_Master_ADDR                          0x0800243d   Thumb Code   276  stm32f4xx_hal_i2c.o(i.I2C_Master_ADDR)
    i.I2C_Master_SB                          0x08002554   Section        0  stm32f4xx_hal_i2c.o(i.I2C_Master_SB)
    I2C_Master_SB                            0x08002555   Thumb Code   140  stm32f4xx_hal_i2c.o(i.I2C_Master_SB)
    i.I2C_MemoryTransmit_TXE_BTF             0x080025e0   Section        0  stm32f4xx_hal_i2c.o(i.I2C_MemoryTransmit_TXE_BTF)
    I2C_MemoryTransmit_TXE_BTF               0x080025e1   Thumb Code   160  stm32f4xx_hal_i2c.o(i.I2C_MemoryTransmit_TXE_BTF)
    i.I2C_Slave_AF                           0x08002680   Section        0  stm32f4xx_hal_i2c.o(i.I2C_Slave_AF)
    I2C_Slave_AF                             0x08002681   Thumb Code   126  stm32f4xx_hal_i2c.o(i.I2C_Slave_AF)
    i.I2C_Slave_STOPF                        0x08002704   Section        0  stm32f4xx_hal_i2c.o(i.I2C_Slave_STOPF)
    I2C_Slave_STOPF                          0x08002705   Thumb Code   338  stm32f4xx_hal_i2c.o(i.I2C_Slave_STOPF)
    i.IIC_Ack                                0x08002860   Section        0  i2c.o(i.IIC_Ack)
    i.IIC_NAck                               0x080028a0   Section        0  i2c.o(i.IIC_NAck)
    i.IIC_ReadOneByte                        0x080028e0   Section        0  i2c.o(i.IIC_ReadOneByte)
    i.IIC_ReadTwoByte                        0x08002928   Section        0  i2c.o(i.IIC_ReadTwoByte)
    i.IIC_Read_Byte                          0x0800297c   Section        0  i2c.o(i.IIC_Read_Byte)
    i.IIC_Send_Byte                          0x080029e4   Section        0  i2c.o(i.IIC_Send_Byte)
    i.IIC_Start                              0x08002a38   Section        0  i2c.o(i.IIC_Start)
    i.IIC_Stop                               0x08002a70   Section        0  i2c.o(i.IIC_Stop)
    i.IIC_Wait_Ack                           0x08002aac   Section        0  i2c.o(i.IIC_Wait_Ack)
    i.IIC_WriteOneByte                       0x08002b00   Section        0  i2c.o(i.IIC_WriteOneByte)
    i.IIC_WriteTwoByte                       0x08002b3e   Section        0  i2c.o(i.IIC_WriteTwoByte)
    i.LL_AHB1_GRP1_EnableClock               0x08002b88   Section        0  gpio.o(i.LL_AHB1_GRP1_EnableClock)
    LL_AHB1_GRP1_EnableClock                 0x08002b89   Thumb Code    18  gpio.o(i.LL_AHB1_GRP1_EnableClock)
    i.LL_AHB1_GRP1_EnableClock               0x08002ba0   Section        0  tim.o(i.LL_AHB1_GRP1_EnableClock)
    LL_AHB1_GRP1_EnableClock                 0x08002ba1   Thumb Code    18  tim.o(i.LL_AHB1_GRP1_EnableClock)
    i.LL_AHB1_GRP1_EnableClock               0x08002bb8   Section        0  usart.o(i.LL_AHB1_GRP1_EnableClock)
    LL_AHB1_GRP1_EnableClock                 0x08002bb9   Thumb Code    18  usart.o(i.LL_AHB1_GRP1_EnableClock)
    i.LL_APB1_GRP1_EnableClock               0x08002bd0   Section        0  tim.o(i.LL_APB1_GRP1_EnableClock)
    LL_APB1_GRP1_EnableClock                 0x08002bd1   Thumb Code    18  tim.o(i.LL_APB1_GRP1_EnableClock)
    i.LL_APB1_GRP1_EnableClock               0x08002be8   Section        0  usart.o(i.LL_APB1_GRP1_EnableClock)
    LL_APB1_GRP1_EnableClock                 0x08002be9   Thumb Code    18  usart.o(i.LL_APB1_GRP1_EnableClock)
    i.LL_EXTI_Init                           0x08002c00   Section        0  stm32f4xx_ll_exti.o(i.LL_EXTI_Init)
    i.LL_EXTI_IsActiveFlag_0_31              0x08002ca0   Section        0  stm32f4xx_it.o(i.LL_EXTI_IsActiveFlag_0_31)
    LL_EXTI_IsActiveFlag_0_31                0x08002ca1   Thumb Code    16  stm32f4xx_it.o(i.LL_EXTI_IsActiveFlag_0_31)
    i.LL_GPIO_Init                           0x08002cb4   Section        0  stm32f4xx_ll_gpio.o(i.LL_GPIO_Init)
    i.LL_GPIO_IsInputPinSet                  0x08002dea   Section        0  stm32f4xx_it.o(i.LL_GPIO_IsInputPinSet)
    LL_GPIO_IsInputPinSet                    0x08002deb   Thumb Code    14  stm32f4xx_it.o(i.LL_GPIO_IsInputPinSet)
    i.LL_GPIO_SetPinMode                     0x08002df8   Section        0  gpio.o(i.LL_GPIO_SetPinMode)
    LL_GPIO_SetPinMode                       0x08002df9   Thumb Code    38  gpio.o(i.LL_GPIO_SetPinMode)
    i.LL_GPIO_SetPinPull                     0x08002e1e   Section        0  gpio.o(i.LL_GPIO_SetPinPull)
    LL_GPIO_SetPinPull                       0x08002e1f   Thumb Code    38  gpio.o(i.LL_GPIO_SetPinPull)
    i.LL_RCC_GetSystemClocksFreq             0x08002e44   Section        0  stm32f4xx_ll_rcc.o(i.LL_RCC_GetSystemClocksFreq)
    i.LL_RCC_PLL_GetDivider                  0x08002e64   Section        0  stm32f4xx_ll_rcc.o(i.LL_RCC_PLL_GetDivider)
    LL_RCC_PLL_GetDivider                    0x08002e65   Thumb Code    10  stm32f4xx_ll_rcc.o(i.LL_RCC_PLL_GetDivider)
    i.LL_RCC_PLL_GetMainSource               0x08002e74   Section        0  stm32f4xx_ll_rcc.o(i.LL_RCC_PLL_GetMainSource)
    LL_RCC_PLL_GetMainSource                 0x08002e75   Thumb Code    10  stm32f4xx_ll_rcc.o(i.LL_RCC_PLL_GetMainSource)
    i.LL_RCC_PLL_GetN                        0x08002e84   Section        0  stm32f4xx_ll_rcc.o(i.LL_RCC_PLL_GetN)
    LL_RCC_PLL_GetN                          0x08002e85   Thumb Code    10  stm32f4xx_ll_rcc.o(i.LL_RCC_PLL_GetN)
    i.LL_RCC_PLL_GetR                        0x08002e94   Section        0  stm32f4xx_ll_rcc.o(i.LL_RCC_PLL_GetR)
    LL_RCC_PLL_GetR                          0x08002e95   Thumb Code    10  stm32f4xx_ll_rcc.o(i.LL_RCC_PLL_GetR)
    i.LL_SYSCFG_SetEXTISource                0x08002ea4   Section        0  gpio.o(i.LL_SYSCFG_SetEXTISource)
    LL_SYSCFG_SetEXTISource                  0x08002ea5   Thumb Code    36  gpio.o(i.LL_SYSCFG_SetEXTISource)
    i.LL_SetSystemCoreClock                  0x08002ecc   Section        0  stm32f4xx_ll_utils.o(i.LL_SetSystemCoreClock)
    i.LL_TIM_IC_SetActiveInput               0x08002ed8   Section        0  tim.o(i.LL_TIM_IC_SetActiveInput)
    LL_TIM_IC_SetActiveInput                 0x08002ed9   Thumb Code    88  tim.o(i.LL_TIM_IC_SetActiveInput)
    i.LL_TIM_IC_SetFilter                    0x08002f34   Section        0  tim.o(i.LL_TIM_IC_SetFilter)
    LL_TIM_IC_SetFilter                      0x08002f35   Thumb Code    88  tim.o(i.LL_TIM_IC_SetFilter)
    i.LL_TIM_IC_SetPolarity                  0x08002f90   Section        0  tim.o(i.LL_TIM_IC_SetPolarity)
    LL_TIM_IC_SetPolarity                    0x08002f91   Thumb Code    76  tim.o(i.LL_TIM_IC_SetPolarity)
    i.LL_TIM_IC_SetPrescaler                 0x08002fe0   Section        0  tim.o(i.LL_TIM_IC_SetPrescaler)
    LL_TIM_IC_SetPrescaler                   0x08002fe1   Thumb Code    88  tim.o(i.LL_TIM_IC_SetPrescaler)
    i.LL_TIM_Init                            0x0800303c   Section        0  stm32f4xx_ll_tim.o(i.LL_TIM_Init)
    i.LL_USART_Init                          0x08003104   Section        0  stm32f4xx_ll_usart.o(i.LL_USART_Init)
    i.LL_USART_SetBaudRate                   0x080031a4   Section        0  stm32f4xx_ll_usart.o(i.LL_USART_SetBaudRate)
    LL_USART_SetBaudRate                     0x080031a5   Thumb Code   176  stm32f4xx_ll_usart.o(i.LL_USART_SetBaudRate)
    i.LL_mDelay                              0x08003254   Section        0  stm32f4xx_ll_utils.o(i.LL_mDelay)
    i.MX_ADC1_Init                           0x08003274   Section        0  adc.o(i.MX_ADC1_Init)
    i.MX_CAN1_Init                           0x08003364   Section        0  can.o(i.MX_CAN1_Init)
    i.MX_DMA_Init                            0x080033a0   Section        0  dma.o(i.MX_DMA_Init)
    i.MX_FMC_Init                            0x08003474   Section        0  fmc.o(i.MX_FMC_Init)
    i.MX_GPIO_Init                           0x080034e8   Section        0  gpio.o(i.MX_GPIO_Init)
    i.MX_I2C1_Init                           0x080036ec   Section        0  i2c.o(i.MX_I2C1_Init)
    i.MX_SPI1_Init                           0x0800372c   Section        0  spi.o(i.MX_SPI1_Init)
    i.MX_TIM3_Init                           0x08003770   Section        0  tim.o(i.MX_TIM3_Init)
    i.MX_TIM6_Init                           0x08003858   Section        0  tim.o(i.MX_TIM6_Init)
    i.MX_TIM7_Init                           0x080038c0   Section        0  tim.o(i.MX_TIM7_Init)
    i.MX_TIM9_Init                           0x08003928   Section        0  tim.o(i.MX_TIM9_Init)
    i.MX_UART4_Init                          0x08003a14   Section        0  usart.o(i.MX_UART4_Init)
    i.MX_UART5_Init                          0x08003ab8   Section        0  usart.o(i.MX_UART5_Init)
    i.MX_USART1_UART_Init                    0x08003b88   Section        0  usart.o(i.MX_USART1_UART_Init)
    i.MemManage_Handler                      0x08003c3c   Section        0  stm32f4xx_it.o(i.MemManage_Handler)
    i.NMI_Handler                            0x08003c3e   Section        0  stm32f4xx_it.o(i.NMI_Handler)
    i.NVIC_EncodePriority                    0x08003c40   Section        0  tim.o(i.NVIC_EncodePriority)
    NVIC_EncodePriority                      0x08003c41   Thumb Code    50  tim.o(i.NVIC_EncodePriority)
    i.NVIC_EncodePriority                    0x08003c72   Section        0  usart.o(i.NVIC_EncodePriority)
    NVIC_EncodePriority                      0x08003c73   Thumb Code    50  usart.o(i.NVIC_EncodePriority)
    i.PendSV_Handler                         0x08003ca4   Section        0  stm32f4xx_it.o(i.PendSV_Handler)
    i.RCC_GetHCLKClockFreq                   0x08003ca8   Section        0  stm32f4xx_ll_rcc.o(i.RCC_GetHCLKClockFreq)
    i.RCC_GetPCLK1ClockFreq                  0x08003cc4   Section        0  stm32f4xx_ll_rcc.o(i.RCC_GetPCLK1ClockFreq)
    i.RCC_GetPCLK2ClockFreq                  0x08003ce0   Section        0  stm32f4xx_ll_rcc.o(i.RCC_GetPCLK2ClockFreq)
    i.RCC_GetSystemClockFreq                 0x08003cfc   Section        0  stm32f4xx_ll_rcc.o(i.RCC_GetSystemClockFreq)
    i.RCC_PLL_GetFreqDomain_SYS              0x08003d2c   Section        0  stm32f4xx_ll_rcc.o(i.RCC_PLL_GetFreqDomain_SYS)
    i.SVC_Handler                            0x08003d80   Section        0  stm32f4xx_it.o(i.SVC_Handler)
    i.Screen_RESET_init                      0x08003d84   Section        0  screen.o(i.Screen_RESET_init)
    i.Screen_current_value                   0x08003e58   Section        0  screen.o(i.Screen_current_value)
    i.Screen_fmc_fpga                        0x08003fa4   Section        0  screen.o(i.Screen_fmc_fpga)
    i.Screen_init                            0x0800493c   Section        0  screen.o(i.Screen_init)
    i.SysTick_Handler                        0x080049a0   Section        0  stm32f4xx_it.o(i.SysTick_Handler)
    i.SystemClock_Config                     0x080049a4   Section        0  main.o(i.SystemClock_Config)
    i.SystemInit                             0x08004a84   Section        0  system_stm32f4xx.o(i.SystemInit)
    i.TIM1_BRK_TIM9_IRQHandler               0x08004aa0   Section        0  stm32f4xx_it.o(i.TIM1_BRK_TIM9_IRQHandler)
    i.TIM3_IRQHandler                        0x08004aa2   Section        0  stm32f4xx_it.o(i.TIM3_IRQHandler)
    i.TIM3_Input_capture                     0x08004aa8   Section        0  tim.o(i.TIM3_Input_capture)
    i.TIM3_init                              0x08004afc   Section        0  tim.o(i.TIM3_init)
    i.TIM6_DAC_IRQHandler                    0x08004b3c   Section        0  stm32f4xx_it.o(i.TIM6_DAC_IRQHandler)
    i.TIM6_IRQ                               0x08004b40   Section        0  tim.o(i.TIM6_IRQ)
    i.TIM7_IRQ                               0x08004b7c   Section        0  tim.o(i.TIM7_IRQ)
    i.TIM7_IRQHandler                        0x08004ba0   Section        0  stm32f4xx_it.o(i.TIM7_IRQHandler)
    i.UART4_IRQHandler                       0x08004ba4   Section        0  stm32f4xx_it.o(i.UART4_IRQHandler)
    i.UART4_RxIdleCallback                   0x08004ba8   Section        0  usart.o(i.UART4_RxIdleCallback)
    i.UART5_IRQHandler                       0x08004c3c   Section        0  stm32f4xx_it.o(i.UART5_IRQHandler)
    i.UART5_RxIdleCallback                   0x08004c40   Section        0  usart.o(i.UART5_RxIdleCallback)
    i.UART5_Send                             0x08004cd4   Section        0  usart.o(i.UART5_Send)
    i.USART1_IRQHandler                      0x08004cf8   Section        0  stm32f4xx_it.o(i.USART1_IRQHandler)
    i.USART1_RxIdleCallback                  0x08004cfc   Section        0  usart.o(i.USART1_RxIdleCallback)
    i.UsageFault_Handler                     0x08004d6c   Section        0  stm32f4xx_it.o(i.UsageFault_Handler)
    i.__0printf                              0x08004d70   Section        0  printfa.o(i.__0printf)
    i.__NVIC_EnableIRQ                       0x08004d90   Section        0  tim.o(i.__NVIC_EnableIRQ)
    __NVIC_EnableIRQ                         0x08004d91   Thumb Code    26  tim.o(i.__NVIC_EnableIRQ)
    i.__NVIC_EnableIRQ                       0x08004daa   Section        0  usart.o(i.__NVIC_EnableIRQ)
    __NVIC_EnableIRQ                         0x08004dab   Thumb Code    26  usart.o(i.__NVIC_EnableIRQ)
    i.__NVIC_GetPriorityGrouping             0x08004dc4   Section        0  tim.o(i.__NVIC_GetPriorityGrouping)
    __NVIC_GetPriorityGrouping               0x08004dc5   Thumb Code    10  tim.o(i.__NVIC_GetPriorityGrouping)
    i.__NVIC_SetPriority                     0x08004dd4   Section        0  tim.o(i.__NVIC_SetPriority)
    __NVIC_SetPriority                       0x08004dd5   Thumb Code    32  tim.o(i.__NVIC_SetPriority)
    i.__NVIC_SetPriority                     0x08004df4   Section        0  usart.o(i.__NVIC_SetPriority)
    __NVIC_SetPriority                       0x08004df5   Thumb Code    32  usart.o(i.__NVIC_SetPriority)
    i.__NVIC_SetPriority                     0x08004e14   Section        0  stm32f4xx_hal_cortex.o(i.__NVIC_SetPriority)
    __NVIC_SetPriority                       0x08004e15   Thumb Code    32  stm32f4xx_hal_cortex.o(i.__NVIC_SetPriority)
    i.__scatterload_copy                     0x08004e34   Section       14  handlers.o(i.__scatterload_copy)
    i.__scatterload_null                     0x08004e42   Section        2  handlers.o(i.__scatterload_null)
    i.__scatterload_zeroinit                 0x08004e44   Section       14  handlers.o(i.__scatterload_zeroinit)
    i._fp_digits                             0x08004e54   Section        0  printfa.o(i._fp_digits)
    _fp_digits                               0x08004e55   Thumb Code   334  printfa.o(i._fp_digits)
    i._printf_core                           0x08004fb8   Section        0  printfa.o(i._printf_core)
    _printf_core                             0x08004fb9   Thumb Code  1744  printfa.o(i._printf_core)
    i._printf_post_padding                   0x08005694   Section        0  printfa.o(i._printf_post_padding)
    _printf_post_padding                     0x08005695   Thumb Code    36  printfa.o(i._printf_post_padding)
    i._printf_pre_padding                    0x080056b8   Section        0  printfa.o(i._printf_pre_padding)
    _printf_pre_padding                      0x080056b9   Thumb Code    46  printfa.o(i._printf_pre_padding)
    i.delay_init                             0x080056e8   Section        0  delay.o(i.delay_init)
    i.delay_ms                               0x080056fc   Section        0  delay.o(i.delay_ms)
    i.delay_us                               0x08005718   Section        0  delay.o(i.delay_us)
    i.fputc                                  0x0800574c   Section        0  usart.o(i.fputc)
    i.main                                   0x08005760   Section        0  main.o(i.main)
    .constdata                               0x080058d8   Section        8  dma.o(.constdata)
    STREAM_OFFSET_TAB                        0x080058d8   Data           8  dma.o(.constdata)
    .constdata                               0x080058e0   Section       21  tim.o(.constdata)
    OFFSET_TAB_CCMRx                         0x080058e0   Data           7  tim.o(.constdata)
    SHIFT_TAB_ICxx                           0x080058e7   Data           7  tim.o(.constdata)
    SHIFT_TAB_CCxP                           0x080058ee   Data           7  tim.o(.constdata)
    .constdata                               0x080058f5   Section       16  system_stm32f4xx.o(.constdata)
    .constdata                               0x08005905   Section        8  system_stm32f4xx.o(.constdata)
    .data                                    0x20000000   Section        4  delay.o(.data)
    fac_us                                   0x20000000   Data           4  delay.o(.data)
    .data                                    0x20000004   Section     1240  screen.o(.data)
    .data                                    0x200004dc   Section      620  gpio.o(.data)
    .data                                    0x20000748   Section        8  fmc.o(.data)
    FMC_Initialized                          0x20000748   Data           4  fmc.o(.data)
    FMC_DeInitialized                        0x2000074c   Data           4  fmc.o(.data)
    .data                                    0x20000750   Section        8  tim.o(.data)
    .data                                    0x20000758   Section       14  usart.o(.data)
    .data                                    0x20000768   Section        4  usart.o(.data)
    .data                                    0x2000076c   Section       12  stm32f4xx_hal.o(.data)
    .data                                    0x20000778   Section        4  system_stm32f4xx.o(.data)
    .bss                                     0x2000077c   Section     6232  screen.o(.bss)
    .bss                                     0x20001fd4   Section       72  adc.o(.bss)
    .bss                                     0x2000201c   Section       40  can.o(.bss)
    .bss                                     0x20002044   Section       80  fmc.o(.bss)
    .bss                                     0x20002094   Section       84  i2c.o(.bss)
    .bss                                     0x200020e8   Section       88  spi.o(.bss)
    .bss                                     0x20002140   Section    10800  usart.o(.bss)
    STACK                                    0x20004b70   Section     1024  startup_stm32f446xx.o(STACK)

    Global Symbols

    Symbol Name                              Value     Ov Type        Size  Object(Section)

    BuildAttributes$$THM_ISAv4$E$P$D$K$B$S$7EM$VFPi3$EXTD16$VFPS$VFMA$PE$A:L22UL41UL21$X:L11$S22US41US21$IEEE1$IW$USESV6$~STKCKD$USESV7$~SHL$OTIME$ROPI$EBA8$MICROLIB$REQ8$PRES8$EABIv2 0x00000000   Number         0  anon$$obj.o ABSOLUTE
    __ARM_use_no_argv                        0x00000000   Number         0  main.o ABSOLUTE
    __use_no_errno                           0x00000000   Number         0  useno.o ABSOLUTE
    __use_no_exception_handling              0x00000000   Number         0  useno.o ABSOLUTE
    __use_no_fp                              0x00000000   Number         0  useno.o ABSOLUTE
    __use_no_heap                            0x00000000   Number         0  useno.o ABSOLUTE
    __use_no_heap_region                     0x00000000   Number         0  useno.o ABSOLUTE
    __use_no_semihosting                     0x00000000   Number         0  useno.o ABSOLUTE
    __use_no_semihosting_swi                 0x00000000   Number         0  useno.o ABSOLUTE
    __use_no_signal_handling                 0x00000000   Number         0  useno.o ABSOLUTE
    _printf_a                                0x00000000   Number         0  stubs.o ABSOLUTE
    _printf_c                                0x00000000   Number         0  stubs.o ABSOLUTE
    _printf_charcount                        0x00000000   Number         0  stubs.o ABSOLUTE
    _printf_d                                0x00000000   Number         0  stubs.o ABSOLUTE
    _printf_e                                0x00000000   Number         0  stubs.o ABSOLUTE
    _printf_f                                0x00000000   Number         0  stubs.o ABSOLUTE
    _printf_flags                            0x00000000   Number         0  stubs.o ABSOLUTE
    _printf_fp_dec                           0x00000000   Number         0  stubs.o ABSOLUTE
    _printf_fp_hex                           0x00000000   Number         0  stubs.o ABSOLUTE
    _printf_g                                0x00000000   Number         0  stubs.o ABSOLUTE
    _printf_i                                0x00000000   Number         0  stubs.o ABSOLUTE
    _printf_int_dec                          0x00000000   Number         0  stubs.o ABSOLUTE
    _printf_l                                0x00000000   Number         0  stubs.o ABSOLUTE
    _printf_lc                               0x00000000   Number         0  stubs.o ABSOLUTE
    _printf_ll                               0x00000000   Number         0  stubs.o ABSOLUTE
    _printf_lld                              0x00000000   Number         0  stubs.o ABSOLUTE
    _printf_lli                              0x00000000   Number         0  stubs.o ABSOLUTE
    _printf_llo                              0x00000000   Number         0  stubs.o ABSOLUTE
    _printf_llu                              0x00000000   Number         0  stubs.o ABSOLUTE
    _printf_llx                              0x00000000   Number         0  stubs.o ABSOLUTE
    _printf_longlong_dec                     0x00000000   Number         0  stubs.o ABSOLUTE
    _printf_longlong_hex                     0x00000000   Number         0  stubs.o ABSOLUTE
    _printf_longlong_oct                     0x00000000   Number         0  stubs.o ABSOLUTE
    _printf_ls                               0x00000000   Number         0  stubs.o ABSOLUTE
    _printf_mbtowc                           0x00000000   Number         0  stubs.o ABSOLUTE
    _printf_n                                0x00000000   Number         0  stubs.o ABSOLUTE
    _printf_o                                0x00000000   Number         0  stubs.o ABSOLUTE
    _printf_p                                0x00000000   Number         0  stubs.o ABSOLUTE
    _printf_percent                          0x00000000   Number         0  stubs.o ABSOLUTE
    _printf_pre_padding                      0x00000000   Number         0  stubs.o ABSOLUTE
    _printf_return_value                     0x00000000   Number         0  stubs.o ABSOLUTE
    _printf_s                                0x00000000   Number         0  stubs.o ABSOLUTE
    _printf_sizespec                         0x00000000   Number         0  stubs.o ABSOLUTE
    _printf_str                              0x00000000   Number         0  stubs.o ABSOLUTE
    _printf_truncate_signed                  0x00000000   Number         0  stubs.o ABSOLUTE
    _printf_truncate_unsigned                0x00000000   Number         0  stubs.o ABSOLUTE
    _printf_u                                0x00000000   Number         0  stubs.o ABSOLUTE
    _printf_wc                               0x00000000   Number         0  stubs.o ABSOLUTE
    _printf_wctomb                           0x00000000   Number         0  stubs.o ABSOLUTE
    _printf_widthprec                        0x00000000   Number         0  stubs.o ABSOLUTE
    _printf_x                                0x00000000   Number         0  stubs.o ABSOLUTE
    __cpp_initialize__aeabi_                  - Undefined Weak Reference
    __cxa_finalize                            - Undefined Weak Reference
    _clock_init                               - Undefined Weak Reference
    _microlib_exit                            - Undefined Weak Reference
    __Vectors_Size                           0x000001c4   Number         0  startup_stm32f446xx.o ABSOLUTE
    __Vectors                                0x08000000   Data           4  startup_stm32f446xx.o(RESET)
    __Vectors_End                            0x080001c4   Data           0  startup_stm32f446xx.o(RESET)
    __main                                   0x080001c5   Thumb Code     0  entry.o(.ARM.Collect$$$$00000000)
    _main_stk                                0x080001c5   Thumb Code     0  entry2.o(.ARM.Collect$$$$00000001)
    _main_scatterload                        0x080001c9   Thumb Code     0  entry5.o(.ARM.Collect$$$$00000004)
    __main_after_scatterload                 0x080001cd   Thumb Code     0  entry5.o(.ARM.Collect$$$$00000004)
    _main_clock                              0x080001cd   Thumb Code     0  entry7b.o(.ARM.Collect$$$$00000008)
    _main_cpp_init                           0x080001cd   Thumb Code     0  entry8b.o(.ARM.Collect$$$$0000000A)
    _main_init                               0x080001cd   Thumb Code     0  entry9a.o(.ARM.Collect$$$$0000000B)
    __rt_final_cpp                           0x080001d5   Thumb Code     0  entry10a.o(.ARM.Collect$$$$0000000D)
    __rt_final_exit                          0x080001d5   Thumb Code     0  entry11a.o(.ARM.Collect$$$$0000000F)
    Reset_Handler                            0x080001d9   Thumb Code     8  startup_stm32f446xx.o(.text)
    ADC_IRQHandler                           0x080001f3   Thumb Code     0  startup_stm32f446xx.o(.text)
    CAN1_RX0_IRQHandler                      0x080001f3   Thumb Code     0  startup_stm32f446xx.o(.text)
    CAN1_RX1_IRQHandler                      0x080001f3   Thumb Code     0  startup_stm32f446xx.o(.text)
    CAN1_SCE_IRQHandler                      0x080001f3   Thumb Code     0  startup_stm32f446xx.o(.text)
    CAN1_TX_IRQHandler                       0x080001f3   Thumb Code     0  startup_stm32f446xx.o(.text)
    CAN2_RX0_IRQHandler                      0x080001f3   Thumb Code     0  startup_stm32f446xx.o(.text)
    CAN2_RX1_IRQHandler                      0x080001f3   Thumb Code     0  startup_stm32f446xx.o(.text)
    CAN2_SCE_IRQHandler                      0x080001f3   Thumb Code     0  startup_stm32f446xx.o(.text)
    CAN2_TX_IRQHandler                       0x080001f3   Thumb Code     0  startup_stm32f446xx.o(.text)
    CEC_IRQHandler                           0x080001f3   Thumb Code     0  startup_stm32f446xx.o(.text)
    DCMI_IRQHandler                          0x080001f3   Thumb Code     0  startup_stm32f446xx.o(.text)
    DMA1_Stream0_IRQHandler                  0x080001f3   Thumb Code     0  startup_stm32f446xx.o(.text)
    DMA1_Stream1_IRQHandler                  0x080001f3   Thumb Code     0  startup_stm32f446xx.o(.text)
    DMA1_Stream2_IRQHandler                  0x080001f3   Thumb Code     0  startup_stm32f446xx.o(.text)
    DMA1_Stream3_IRQHandler                  0x080001f3   Thumb Code     0  startup_stm32f446xx.o(.text)
    DMA1_Stream4_IRQHandler                  0x080001f3   Thumb Code     0  startup_stm32f446xx.o(.text)
    DMA1_Stream5_IRQHandler                  0x080001f3   Thumb Code     0  startup_stm32f446xx.o(.text)
    DMA1_Stream6_IRQHandler                  0x080001f3   Thumb Code     0  startup_stm32f446xx.o(.text)
    DMA1_Stream7_IRQHandler                  0x080001f3   Thumb Code     0  startup_stm32f446xx.o(.text)
    DMA2_Stream0_IRQHandler                  0x080001f3   Thumb Code     0  startup_stm32f446xx.o(.text)
    DMA2_Stream1_IRQHandler                  0x080001f3   Thumb Code     0  startup_stm32f446xx.o(.text)
    DMA2_Stream2_IRQHandler                  0x080001f3   Thumb Code     0  startup_stm32f446xx.o(.text)
    DMA2_Stream3_IRQHandler                  0x080001f3   Thumb Code     0  startup_stm32f446xx.o(.text)
    DMA2_Stream4_IRQHandler                  0x080001f3   Thumb Code     0  startup_stm32f446xx.o(.text)
    DMA2_Stream5_IRQHandler                  0x080001f3   Thumb Code     0  startup_stm32f446xx.o(.text)
    DMA2_Stream6_IRQHandler                  0x080001f3   Thumb Code     0  startup_stm32f446xx.o(.text)
    DMA2_Stream7_IRQHandler                  0x080001f3   Thumb Code     0  startup_stm32f446xx.o(.text)
    EXTI0_IRQHandler                         0x080001f3   Thumb Code     0  startup_stm32f446xx.o(.text)
    EXTI1_IRQHandler                         0x080001f3   Thumb Code     0  startup_stm32f446xx.o(.text)
    EXTI2_IRQHandler                         0x080001f3   Thumb Code     0  startup_stm32f446xx.o(.text)
    EXTI3_IRQHandler                         0x080001f3   Thumb Code     0  startup_stm32f446xx.o(.text)
    EXTI4_IRQHandler                         0x080001f3   Thumb Code     0  startup_stm32f446xx.o(.text)
    EXTI9_5_IRQHandler                       0x080001f3   Thumb Code     0  startup_stm32f446xx.o(.text)
    FLASH_IRQHandler                         0x080001f3   Thumb Code     0  startup_stm32f446xx.o(.text)
    FMC_IRQHandler                           0x080001f3   Thumb Code     0  startup_stm32f446xx.o(.text)
    FMPI2C1_ER_IRQHandler                    0x080001f3   Thumb Code     0  startup_stm32f446xx.o(.text)
    FMPI2C1_EV_IRQHandler                    0x080001f3   Thumb Code     0  startup_stm32f446xx.o(.text)
    FPU_IRQHandler                           0x080001f3   Thumb Code     0  startup_stm32f446xx.o(.text)
    I2C2_ER_IRQHandler                       0x080001f3   Thumb Code     0  startup_stm32f446xx.o(.text)
    I2C2_EV_IRQHandler                       0x080001f3   Thumb Code     0  startup_stm32f446xx.o(.text)
    I2C3_ER_IRQHandler                       0x080001f3   Thumb Code     0  startup_stm32f446xx.o(.text)
    I2C3_EV_IRQHandler                       0x080001f3   Thumb Code     0  startup_stm32f446xx.o(.text)
    OTG_FS_IRQHandler                        0x080001f3   Thumb Code     0  startup_stm32f446xx.o(.text)
    OTG_FS_WKUP_IRQHandler                   0x080001f3   Thumb Code     0  startup_stm32f446xx.o(.text)
    OTG_HS_EP1_IN_IRQHandler                 0x080001f3   Thumb Code     0  startup_stm32f446xx.o(.text)
    OTG_HS_EP1_OUT_IRQHandler                0x080001f3   Thumb Code     0  startup_stm32f446xx.o(.text)
    OTG_HS_IRQHandler                        0x080001f3   Thumb Code     0  startup_stm32f446xx.o(.text)
    OTG_HS_WKUP_IRQHandler                   0x080001f3   Thumb Code     0  startup_stm32f446xx.o(.text)
    PVD_IRQHandler                           0x080001f3   Thumb Code     0  startup_stm32f446xx.o(.text)
    QUADSPI_IRQHandler                       0x080001f3   Thumb Code     0  startup_stm32f446xx.o(.text)
    RCC_IRQHandler                           0x080001f3   Thumb Code     0  startup_stm32f446xx.o(.text)
    RTC_Alarm_IRQHandler                     0x080001f3   Thumb Code     0  startup_stm32f446xx.o(.text)
    RTC_WKUP_IRQHandler                      0x080001f3   Thumb Code     0  startup_stm32f446xx.o(.text)
    SAI1_IRQHandler                          0x080001f3   Thumb Code     0  startup_stm32f446xx.o(.text)
    SAI2_IRQHandler                          0x080001f3   Thumb Code     0  startup_stm32f446xx.o(.text)
    SDIO_IRQHandler                          0x080001f3   Thumb Code     0  startup_stm32f446xx.o(.text)
    SPDIF_RX_IRQHandler                      0x080001f3   Thumb Code     0  startup_stm32f446xx.o(.text)
    SPI1_IRQHandler                          0x080001f3   Thumb Code     0  startup_stm32f446xx.o(.text)
    SPI2_IRQHandler                          0x080001f3   Thumb Code     0  startup_stm32f446xx.o(.text)
    SPI3_IRQHandler                          0x080001f3   Thumb Code     0  startup_stm32f446xx.o(.text)
    SPI4_IRQHandler                          0x080001f3   Thumb Code     0  startup_stm32f446xx.o(.text)
    TAMP_STAMP_IRQHandler                    0x080001f3   Thumb Code     0  startup_stm32f446xx.o(.text)
    TIM1_CC_IRQHandler                       0x080001f3   Thumb Code     0  startup_stm32f446xx.o(.text)
    TIM1_TRG_COM_TIM11_IRQHandler            0x080001f3   Thumb Code     0  startup_stm32f446xx.o(.text)
    TIM1_UP_TIM10_IRQHandler                 0x080001f3   Thumb Code     0  startup_stm32f446xx.o(.text)
    TIM2_IRQHandler                          0x080001f3   Thumb Code     0  startup_stm32f446xx.o(.text)
    TIM4_IRQHandler                          0x080001f3   Thumb Code     0  startup_stm32f446xx.o(.text)
    TIM5_IRQHandler                          0x080001f3   Thumb Code     0  startup_stm32f446xx.o(.text)
    TIM8_BRK_TIM12_IRQHandler                0x080001f3   Thumb Code     0  startup_stm32f446xx.o(.text)
    TIM8_CC_IRQHandler                       0x080001f3   Thumb Code     0  startup_stm32f446xx.o(.text)
    TIM8_TRG_COM_TIM14_IRQHandler            0x080001f3   Thumb Code     0  startup_stm32f446xx.o(.text)
    TIM8_UP_TIM13_IRQHandler                 0x080001f3   Thumb Code     0  startup_stm32f446xx.o(.text)
    USART2_IRQHandler                        0x080001f3   Thumb Code     0  startup_stm32f446xx.o(.text)
    USART3_IRQHandler                        0x080001f3   Thumb Code     0  startup_stm32f446xx.o(.text)
    USART6_IRQHandler                        0x080001f3   Thumb Code     0  startup_stm32f446xx.o(.text)
    WWDG_IRQHandler                          0x080001f3   Thumb Code     0  startup_stm32f446xx.o(.text)
    __aeabi_uldivmod                         0x080001fd   Thumb Code    98  uldiv.o(.text)
    __aeabi_memset                           0x0800025f   Thumb Code    14  memseta.o(.text)
    __aeabi_memset4                          0x0800025f   Thumb Code     0  memseta.o(.text)
    __aeabi_memset8                          0x0800025f   Thumb Code     0  memseta.o(.text)
    __aeabi_memclr                           0x0800026d   Thumb Code     4  memseta.o(.text)
    __aeabi_memclr4                          0x0800026d   Thumb Code     0  memseta.o(.text)
    __aeabi_memclr8                          0x0800026d   Thumb Code     0  memseta.o(.text)
    _memset$wrapper                          0x08000271   Thumb Code    18  memseta.o(.text)
    __aeabi_dadd                             0x08000283   Thumb Code   322  dadd.o(.text)
    __aeabi_dsub                             0x080003c5   Thumb Code     6  dadd.o(.text)
    __aeabi_drsub                            0x080003cb   Thumb Code     6  dadd.o(.text)
    __aeabi_dmul                             0x080003d1   Thumb Code   228  dmul.o(.text)
    __aeabi_ui2d                             0x080004b5   Thumb Code    26  dfltui.o(.text)
    __aeabi_f2d                              0x080004cf   Thumb Code    38  f2d.o(.text)
    __aeabi_d2f                              0x080004f5   Thumb Code    56  d2f.o(.text)
    __aeabi_uidiv                            0x0800052d   Thumb Code     0  uidiv.o(.text)
    __aeabi_uidivmod                         0x0800052d   Thumb Code    44  uidiv.o(.text)
    __aeabi_llsl                             0x08000559   Thumb Code    30  llshl.o(.text)
    _ll_shift_l                              0x08000559   Thumb Code     0  llshl.o(.text)
    __aeabi_llsr                             0x08000577   Thumb Code    32  llushr.o(.text)
    _ll_ushift_r                             0x08000577   Thumb Code     0  llushr.o(.text)
    __aeabi_lasr                             0x08000597   Thumb Code    36  llsshr.o(.text)
    _ll_sshift_r                             0x08000597   Thumb Code     0  llsshr.o(.text)
    __I$use$fp                               0x080005bb   Thumb Code     0  iusefp.o(.text)
    _float_round                             0x080005bb   Thumb Code    18  fepilogue.o(.text)
    _float_epilogue                          0x080005cd   Thumb Code    92  fepilogue.o(.text)
    _double_round                            0x08000629   Thumb Code    30  depilogue.o(.text)
    _double_epilogue                         0x08000647   Thumb Code   156  depilogue.o(.text)
    __aeabi_ddiv                             0x080006e3   Thumb Code   222  ddiv.o(.text)
    __aeabi_d2ulz                            0x080007c1   Thumb Code    48  dfixul.o(.text)
    __aeabi_cdrcmple                         0x080007f1   Thumb Code    48  cdrcmple.o(.text)
    __scatterload                            0x08000821   Thumb Code    28  init.o(.text)
    __scatterload_rt2                        0x08000821   Thumb Code     0  init.o(.text)
    __decompress                             0x08000845   Thumb Code     0  __dclz77c.o(.text)
    __decompress2                            0x08000845   Thumb Code    94  __dclz77c.o(.text)
    ADC_Value                                0x080009cd   Thumb Code   528  adc.o(i.ADC_Value)
    BQ_25792_init                            0x08000c0d   Thumb Code   228  i2c.o(i.BQ_25792_init)
    BusFault_Handler                         0x08000cf1   Thumb Code     2  stm32f4xx_it.o(i.BusFault_Handler)
    DebugMon_Handler                         0x08000cf3   Thumb Code     2  stm32f4xx_it.o(i.DebugMon_Handler)
    EXTI15_10_IRQHandler                     0x08000cf5   Thumb Code   108  stm32f4xx_it.o(i.EXTI15_10_IRQHandler)
    Error_Handler                            0x08000d75   Thumb Code     2  main.o(i.Error_Handler)
    FMC_NORSRAM_Extended_Timing_Init         0x08000d79   Thumb Code    60  stm32f4xx_ll_fmc.o(i.FMC_NORSRAM_Extended_Timing_Init)
    FMC_NORSRAM_Init                         0x08000db9   Thumb Code   116  stm32f4xx_ll_fmc.o(i.FMC_NORSRAM_Init)
    FMC_NORSRAM_Timing_Init                  0x08000e31   Thumb Code    86  stm32f4xx_ll_fmc.o(i.FMC_NORSRAM_Timing_Init)
    HAL_ADC_ConfigChannel                    0x08000e8d   Thumb Code   334  stm32f4xx_hal_adc.o(i.HAL_ADC_ConfigChannel)
    HAL_ADC_GetValue                         0x08000ff1   Thumb Code     6  stm32f4xx_hal_adc.o(i.HAL_ADC_GetValue)
    HAL_ADC_Init                             0x08000ff7   Thumb Code    84  stm32f4xx_hal_adc.o(i.HAL_ADC_Init)
    HAL_ADC_MspInit                          0x0800104d   Thumb Code   112  adc.o(i.HAL_ADC_MspInit)
    HAL_ADC_PollForConversion                0x080010cd   Thumb Code   162  stm32f4xx_hal_adc.o(i.HAL_ADC_PollForConversion)
    HAL_ADC_Start                            0x08001171   Thumb Code   210  stm32f4xx_hal_adc.o(i.HAL_ADC_Start)
    HAL_ADC_Stop                             0x0800125d   Thumb Code    60  stm32f4xx_hal_adc.o(i.HAL_ADC_Stop)
    HAL_CAN_Init                             0x08001299   Thumb Code   282  stm32f4xx_hal_can.o(i.HAL_CAN_Init)
    HAL_CAN_MspInit                          0x080013b5   Thumb Code    94  can.o(i.HAL_CAN_MspInit)
    HAL_DMA_Abort_IT                         0x08001421   Thumb Code    36  stm32f4xx_hal_dma.o(i.HAL_DMA_Abort_IT)
    HAL_DMA_GetState                         0x08001445   Thumb Code     6  stm32f4xx_hal_dma.o(i.HAL_DMA_GetState)
    HAL_GPIO_Init                            0x080014d9   Thumb Code   384  stm32f4xx_hal_gpio.o(i.HAL_GPIO_Init)
    HAL_GetTick                              0x08001681   Thumb Code     6  stm32f4xx_hal.o(i.HAL_GetTick)
    HAL_I2C_AbortCpltCallback                0x0800168d   Thumb Code     2  stm32f4xx_hal_i2c.o(i.HAL_I2C_AbortCpltCallback)
    HAL_I2C_AddrCallback                     0x0800168f   Thumb Code     2  stm32f4xx_hal_i2c.o(i.HAL_I2C_AddrCallback)
    HAL_I2C_ER_IRQHandler                    0x08001691   Thumb Code   186  stm32f4xx_hal_i2c.o(i.HAL_I2C_ER_IRQHandler)
    HAL_I2C_EV_IRQHandler                    0x0800174b   Thumb Code   614  stm32f4xx_hal_i2c.o(i.HAL_I2C_EV_IRQHandler)
    HAL_I2C_ErrorCallback                    0x080019b1   Thumb Code     2  stm32f4xx_hal_i2c.o(i.HAL_I2C_ErrorCallback)
    HAL_I2C_Init                             0x080019b5   Thumb Code   376  stm32f4xx_hal_i2c.o(i.HAL_I2C_Init)
    HAL_I2C_ListenCpltCallback               0x08001b3d   Thumb Code     2  stm32f4xx_hal_i2c.o(i.HAL_I2C_ListenCpltCallback)
    HAL_I2C_MasterRxCpltCallback             0x08001b3f   Thumb Code     2  stm32f4xx_hal_i2c.o(i.HAL_I2C_MasterRxCpltCallback)
    HAL_I2C_MasterTxCpltCallback             0x08001b41   Thumb Code     2  stm32f4xx_hal_i2c.o(i.HAL_I2C_MasterTxCpltCallback)
    HAL_I2C_MemRxCpltCallback                0x08001b43   Thumb Code     2  stm32f4xx_hal_i2c.o(i.HAL_I2C_MemRxCpltCallback)
    HAL_I2C_MemTxCpltCallback                0x08001b45   Thumb Code     2  stm32f4xx_hal_i2c.o(i.HAL_I2C_MemTxCpltCallback)
    HAL_I2C_MspInit                          0x08001b49   Thumb Code   126  i2c.o(i.HAL_I2C_MspInit)
    HAL_I2C_SlaveRxCpltCallback              0x08001bd5   Thumb Code     2  stm32f4xx_hal_i2c.o(i.HAL_I2C_SlaveRxCpltCallback)
    HAL_I2C_SlaveTxCpltCallback              0x08001bd7   Thumb Code     2  stm32f4xx_hal_i2c.o(i.HAL_I2C_SlaveTxCpltCallback)
    HAL_IncTick                              0x08001bd9   Thumb Code    12  stm32f4xx_hal.o(i.HAL_IncTick)
    HAL_Init                                 0x08001be9   Thumb Code    48  stm32f4xx_hal.o(i.HAL_Init)
    HAL_InitTick                             0x08001c1d   Thumb Code    54  stm32f4xx_hal.o(i.HAL_InitTick)
    HAL_MspInit                              0x08001c5d   Thumb Code    42  stm32f4xx_hal_msp.o(i.HAL_MspInit)
    HAL_NVIC_EnableIRQ                       0x08001c8d   Thumb Code    26  stm32f4xx_hal_cortex.o(i.HAL_NVIC_EnableIRQ)
    HAL_NVIC_SetPriority                     0x08001ca9   Thumb Code    60  stm32f4xx_hal_cortex.o(i.HAL_NVIC_SetPriority)
    HAL_NVIC_SetPriorityGrouping             0x08001ce9   Thumb Code    26  stm32f4xx_hal_cortex.o(i.HAL_NVIC_SetPriorityGrouping)
    HAL_RCC_GetPCLK1Freq                     0x08001d0d   Thumb Code    20  stm32f4xx_hal_rcc.o(i.HAL_RCC_GetPCLK1Freq)
    HAL_SPI_Init                             0x08001d2d   Thumb Code   128  stm32f4xx_hal_spi.o(i.HAL_SPI_Init)
    HAL_SPI_MspInit                          0x08001dad   Thumb Code    92  spi.o(i.HAL_SPI_MspInit)
    HAL_SRAM_Init                            0x08001e15   Thumb Code    86  stm32f4xx_hal_sram.o(i.HAL_SRAM_Init)
    HAL_SRAM_MspInit                         0x08001e6b   Thumb Code     4  fmc.o(i.HAL_SRAM_MspInit)
    HAL_SRAM_Read_16b                        0x08001e6f   Thumb Code    54  stm32f4xx_hal_sram.o(i.HAL_SRAM_Read_16b)
    HAL_SRAM_Write_16b                       0x08001ea5   Thumb Code    66  stm32f4xx_hal_sram.o(i.HAL_SRAM_Write_16b)
    HAL_SYSTICK_CLKSourceConfig              0x08001ee7   Thumb Code    24  stm32f4xx_hal_cortex.o(i.HAL_SYSTICK_CLKSourceConfig)
    HAL_SYSTICK_Config                       0x08001eff   Thumb Code    40  stm32f4xx_hal_cortex.o(i.HAL_SYSTICK_Config)
    HardFault_Handler                        0x08001f27   Thumb Code     2  stm32f4xx_it.o(i.HardFault_Handler)
    I2C1_ER_IRQHandler                       0x08001f29   Thumb Code     6  stm32f4xx_it.o(i.I2C1_ER_IRQHandler)
    I2C1_EV_IRQHandler                       0x08001f35   Thumb Code     6  stm32f4xx_it.o(i.I2C1_EV_IRQHandler)
    IIC_Ack                                  0x08002861   Thumb Code    58  i2c.o(i.IIC_Ack)
    IIC_NAck                                 0x080028a1   Thumb Code    58  i2c.o(i.IIC_NAck)
    IIC_ReadOneByte                          0x080028e1   Thumb Code    72  i2c.o(i.IIC_ReadOneByte)
    IIC_ReadTwoByte                          0x08002929   Thumb Code    82  i2c.o(i.IIC_ReadTwoByte)
    IIC_Read_Byte                            0x0800297d   Thumb Code    94  i2c.o(i.IIC_Read_Byte)
    IIC_Send_Byte                            0x080029e5   Thumb Code    76  i2c.o(i.IIC_Send_Byte)
    IIC_Start                                0x08002a39   Thumb Code    52  i2c.o(i.IIC_Start)
    IIC_Stop                                 0x08002a71   Thumb Code    54  i2c.o(i.IIC_Stop)
    IIC_Wait_Ack                             0x08002aad   Thumb Code    76  i2c.o(i.IIC_Wait_Ack)
    IIC_WriteOneByte                         0x08002b01   Thumb Code    62  i2c.o(i.IIC_WriteOneByte)
    IIC_WriteTwoByte                         0x08002b3f   Thumb Code    72  i2c.o(i.IIC_WriteTwoByte)
    LL_EXTI_Init                             0x08002c01   Thumb Code   156  stm32f4xx_ll_exti.o(i.LL_EXTI_Init)
    LL_GPIO_Init                             0x08002cb5   Thumb Code   310  stm32f4xx_ll_gpio.o(i.LL_GPIO_Init)
    LL_RCC_GetSystemClocksFreq               0x08002e45   Thumb Code    32  stm32f4xx_ll_rcc.o(i.LL_RCC_GetSystemClocksFreq)
    LL_SetSystemCoreClock                    0x08002ecd   Thumb Code     6  stm32f4xx_ll_utils.o(i.LL_SetSystemCoreClock)
    LL_TIM_Init                              0x0800303d   Thumb Code   156  stm32f4xx_ll_tim.o(i.LL_TIM_Init)
    LL_USART_Init                            0x08003105   Thumb Code   136  stm32f4xx_ll_usart.o(i.LL_USART_Init)
    LL_mDelay                                0x08003255   Thumb Code    30  stm32f4xx_ll_utils.o(i.LL_mDelay)
    MX_ADC1_Init                             0x08003275   Thumb Code   226  adc.o(i.MX_ADC1_Init)
    MX_CAN1_Init                             0x08003365   Thumb Code    52  can.o(i.MX_CAN1_Init)
    MX_DMA_Init                              0x080033a1   Thumb Code   198  dma.o(i.MX_DMA_Init)
    MX_FMC_Init                              0x08003475   Thumb Code   106  fmc.o(i.MX_FMC_Init)
    MX_GPIO_Init                             0x080034e9   Thumb Code   476  gpio.o(i.MX_GPIO_Init)
    MX_I2C1_Init                             0x080036ed   Thumb Code    50  i2c.o(i.MX_I2C1_Init)
    MX_SPI1_Init                             0x0800372d   Thumb Code    60  spi.o(i.MX_SPI1_Init)
    MX_TIM3_Init                             0x08003771   Thumb Code   222  tim.o(i.MX_TIM3_Init)
    MX_TIM6_Init                             0x08003859   Thumb Code   100  tim.o(i.MX_TIM6_Init)
    MX_TIM7_Init                             0x080038c1   Thumb Code   100  tim.o(i.MX_TIM7_Init)
    MX_TIM9_Init                             0x08003929   Thumb Code   222  tim.o(i.MX_TIM9_Init)
    MX_UART4_Init                            0x08003a15   Thumb Code   152  usart.o(i.MX_UART4_Init)
    MX_UART5_Init                            0x08003ab9   Thumb Code   190  usart.o(i.MX_UART5_Init)
    MX_USART1_UART_Init                      0x08003b89   Thumb Code   164  usart.o(i.MX_USART1_UART_Init)
    MemManage_Handler                        0x08003c3d   Thumb Code     2  stm32f4xx_it.o(i.MemManage_Handler)
    NMI_Handler                              0x08003c3f   Thumb Code     2  stm32f4xx_it.o(i.NMI_Handler)
    PendSV_Handler                           0x08003ca5   Thumb Code     2  stm32f4xx_it.o(i.PendSV_Handler)
    RCC_GetHCLKClockFreq                     0x08003ca9   Thumb Code    18  stm32f4xx_ll_rcc.o(i.RCC_GetHCLKClockFreq)
    RCC_GetPCLK1ClockFreq                    0x08003cc5   Thumb Code    20  stm32f4xx_ll_rcc.o(i.RCC_GetPCLK1ClockFreq)
    RCC_GetPCLK2ClockFreq                    0x08003ce1   Thumb Code    20  stm32f4xx_ll_rcc.o(i.RCC_GetPCLK2ClockFreq)
    RCC_GetSystemClockFreq                   0x08003cfd   Thumb Code    38  stm32f4xx_ll_rcc.o(i.RCC_GetSystemClockFreq)
    RCC_PLL_GetFreqDomain_SYS                0x08003d2d   Thumb Code    74  stm32f4xx_ll_rcc.o(i.RCC_PLL_GetFreqDomain_SYS)
    SVC_Handler                              0x08003d81   Thumb Code     2  stm32f4xx_it.o(i.SVC_Handler)
    Screen_RESET_init                        0x08003d85   Thumb Code   162  screen.o(i.Screen_RESET_init)
    Screen_current_value                     0x08003e59   Thumb Code   314  screen.o(i.Screen_current_value)
    Screen_fmc_fpga                          0x08003fa5   Thumb Code  2434  screen.o(i.Screen_fmc_fpga)
    Screen_init                              0x0800493d   Thumb Code    86  screen.o(i.Screen_init)
    SysTick_Handler                          0x080049a1   Thumb Code     4  stm32f4xx_it.o(i.SysTick_Handler)
    SystemClock_Config                       0x080049a5   Thumb Code   198  main.o(i.SystemClock_Config)
    SystemInit                               0x08004a85   Thumb Code    22  system_stm32f4xx.o(i.SystemInit)
    TIM1_BRK_TIM9_IRQHandler                 0x08004aa1   Thumb Code     2  stm32f4xx_it.o(i.TIM1_BRK_TIM9_IRQHandler)
    TIM3_IRQHandler                          0x08004aa3   Thumb Code     4  stm32f4xx_it.o(i.TIM3_IRQHandler)
    TIM3_Input_capture                       0x08004aa9   Thumb Code    64  tim.o(i.TIM3_Input_capture)
    TIM3_init                                0x08004afd   Thumb Code    60  tim.o(i.TIM3_init)
    TIM6_DAC_IRQHandler                      0x08004b3d   Thumb Code     4  stm32f4xx_it.o(i.TIM6_DAC_IRQHandler)
    TIM6_IRQ                                 0x08004b41   Thumb Code    46  tim.o(i.TIM6_IRQ)
    TIM7_IRQ                                 0x08004b7d   Thumb Code    26  tim.o(i.TIM7_IRQ)
    TIM7_IRQHandler                          0x08004ba1   Thumb Code     4  stm32f4xx_it.o(i.TIM7_IRQHandler)
    UART4_IRQHandler                         0x08004ba5   Thumb Code     4  stm32f4xx_it.o(i.UART4_IRQHandler)
    UART4_RxIdleCallback                     0x08004ba9   Thumb Code   128  usart.o(i.UART4_RxIdleCallback)
    UART5_IRQHandler                         0x08004c3d   Thumb Code     4  stm32f4xx_it.o(i.UART5_IRQHandler)
    UART5_RxIdleCallback                     0x08004c41   Thumb Code   128  usart.o(i.UART5_RxIdleCallback)
    UART5_Send                               0x08004cd5   Thumb Code    30  usart.o(i.UART5_Send)
    USART1_IRQHandler                        0x08004cf9   Thumb Code     4  stm32f4xx_it.o(i.USART1_IRQHandler)
    USART1_RxIdleCallback                    0x08004cfd   Thumb Code    98  usart.o(i.USART1_RxIdleCallback)
    UsageFault_Handler                       0x08004d6d   Thumb Code     2  stm32f4xx_it.o(i.UsageFault_Handler)
    __0printf                                0x08004d71   Thumb Code    22  printfa.o(i.__0printf)
    __1printf                                0x08004d71   Thumb Code     0  printfa.o(i.__0printf)
    __2printf                                0x08004d71   Thumb Code     0  printfa.o(i.__0printf)
    __c89printf                              0x08004d71   Thumb Code     0  printfa.o(i.__0printf)
    printf                                   0x08004d71   Thumb Code     0  printfa.o(i.__0printf)
    __scatterload_copy                       0x08004e35   Thumb Code    14  handlers.o(i.__scatterload_copy)
    __scatterload_null                       0x08004e43   Thumb Code     2  handlers.o(i.__scatterload_null)
    __scatterload_zeroinit                   0x08004e45   Thumb Code    14  handlers.o(i.__scatterload_zeroinit)
    delay_init                               0x080056e9   Thumb Code    16  delay.o(i.delay_init)
    delay_ms                                 0x080056fd   Thumb Code    26  delay.o(i.delay_ms)
    delay_us                                 0x08005719   Thumb Code    48  delay.o(i.delay_us)
    fputc                                    0x0800574d   Thumb Code    14  usart.o(i.fputc)
    main                                     0x08005761   Thumb Code   320  main.o(i.main)
    AHBPrescTable                            0x080058f5   Data          16  system_stm32f4xx.o(.constdata)
    APBPrescTable                            0x08005905   Data           8  system_stm32f4xx.o(.constdata)
    Region$$Table$$Base                      0x08005910   Number         0  anon$$obj.o(Region$$Table)
    Region$$Table$$Limit                     0x08005930   Number         0  anon$$obj.o(Region$$Table)
    length                                   0x20000004   Data           1  screen.o(.data)
    Fpga_data_cnt                            0x20000005   Data           1  screen.o(.data)
    Start_flag                               0x20000006   Data           1  screen.o(.data)
    Vaule_12_flag                            0x20000007   Data           1  screen.o(.data)
    Fes_Start                                0x20000008   Data           1  screen.o(.data)
    Screen_cnt                               0x20000009   Data           1  screen.o(.data)
    Screen_addr                              0x2000000a   Data           2  screen.o(.data)
    FPGA_data                                0x2000000c   Data           2  screen.o(.data)
    FPGA_RESET                               0x20000010   Data           4  screen.o(.data)
    Screen_FPGA_offset                       0x20000014   Data           4  screen.o(.data)
    Read_FPGA_offset                         0x20000018   Data           4  screen.o(.data)
    Read_cnt                                 0x2000001c   Data           4  screen.o(.data)
    Calculate_next                           0x20000020   Data           4  screen.o(.data)
    ADC_CHn_FLAG                             0x20000024   Data           4  screen.o(.data)
    uart5_in                                 0x20000028   Data           8  screen.o(.data)
    Screen_data_init                         0x20000030   Data         168  screen.o(.data)
    Screen_FPGA_offset_init                  0x200000d8   Data         336  screen.o(.data)
    Screen_data_now                          0x20000228   Data         198  screen.o(.data)
    Screen_FPGA_now_offset_init              0x200002f0   Data         396  screen.o(.data)
    FPGA_Screen_offset_init                  0x2000047c   Data          96  screen.o(.data)
    Key_length                               0x200004dc   Data           1  gpio.o(.data)
    tim_cnt                                  0x200004dd   Data           1  gpio.o(.data)
    tim_length                               0x200004de   Data           1  gpio.o(.data)
    Interface_First                          0x200004e0   Data           2  gpio.o(.data)
    Interface_Sec                            0x200004e2   Data           2  gpio.o(.data)
    Interface_third                          0x200004e4   Data           2  gpio.o(.data)
    tim_data                                 0x200004e6   Data           2  gpio.o(.data)
    tim_addr                                 0x200004e8   Data           2  gpio.o(.data)
    Key_addr                                 0x200004ea   Data           2  gpio.o(.data)
    Interface_flag                           0x200004ec   Data           4  gpio.o(.data)
    CANCEL_flag                              0x200004f0   Data           4  gpio.o(.data)
    TIM_flag                                 0x200004f4   Data           4  gpio.o(.data)
    Key_in                                   0x200004f8   Data           7  gpio.o(.data)
    tim_in                                   0x200004ff   Data           8  gpio.o(.data)
    Interface_Sec_addr                       0x20000508   Data         240  gpio.o(.data)
    Interface_third_addr                     0x200005f8   Data          48  gpio.o(.data)
    tim_offset_init                          0x20000628   Data         288  gpio.o(.data)
    sec_cnt                                  0x20000750   Data           2  tim.o(.data)
    TIM3_CH1_dval                            0x20000754   Data           4  tim.o(.data)
    USART1_RX_STA                            0x20000758   Data           2  usart.o(.data)
    UART4_RX_STA                             0x2000075a   Data           2  usart.o(.data)
    UART5_RX_STA                             0x2000075c   Data           2  usart.o(.data)
    DATA_RX_STA                              0x2000075e   Data           2  usart.o(.data)
    Screen_RX_STA                            0x20000760   Data           2  usart.o(.data)
    UART4_cnt                                0x20000762   Data           2  usart.o(.data)
    UART5_cnt                                0x20000764   Data           2  usart.o(.data)
    __stdout                                 0x20000768   Data           4  usart.o(.data)
    uwTickFreq                               0x2000076c   Data           1  stm32f4xx_hal.o(.data)
    uwTickPrio                               0x20000770   Data           4  stm32f4xx_hal.o(.data)
    uwTick                                   0x20000774   Data           4  stm32f4xx_hal.o(.data)
    SystemCoreClock                          0x20000778   Data           4  system_stm32f4xx.o(.data)
    Screen_data                              0x2000077c   Data        6000  screen.o(.bss)
    data                                     0x20001eec   Data         120  screen.o(.bss)
    FPGA_Screen                              0x20001f64   Data          24  screen.o(.bss)
    Read_FPGA_data                           0x20001f7c   Data          76  screen.o(.bss)
    CHn_flag                                 0x20001fc8   Data          12  screen.o(.bss)
    hadc1                                    0x20001fd4   Data          72  adc.o(.bss)
    hcan1                                    0x2000201c   Data          40  can.o(.bss)
    hsram1                                   0x20002044   Data          80  fmc.o(.bss)
    hi2c1                                    0x20002094   Data          84  i2c.o(.bss)
    hspi1                                    0x200020e8   Data          88  spi.o(.bss)
    USART1_RX_BUF                            0x20002140   Data         600  usart.o(.bss)
    UART4_RX_BUF                             0x20002398   Data        3000  usart.o(.bss)
    UART4_TX_BUF                             0x20002f50   Data        3000  usart.o(.bss)
    UART5_RX_BUF                             0x20003b08   Data        3000  usart.o(.bss)
    DATA_RX_BUF                              0x200046c0   Data         600  usart.o(.bss)
    Screen_RX_BUF                            0x20004918   Data         600  usart.o(.bss)
    __initial_sp                             0x20004f70   Data           0  startup_stm32f446xx.o(STACK)



==============================================================================

Memory Map of the image

  Image Entry point : 0x080001c5

  Load Region LR_IROM1 (Base: 0x08000000, Size: 0x000060ac, Max: 0x00080000, ABSOLUTE, COMPRESSED[0x00005b50])

    Execution Region ER_IROM1 (Base: 0x08000000, Size: 0x00005930, Max: 0x00080000, ABSOLUTE)

    Base Addr    Size         Type   Attr      Idx    E Section Name        Object

    0x08000000   0x000001c4   Data   RO            3    RESET               startup_stm32f446xx.o
    0x080001c4   0x00000000   Code   RO         4874  * .ARM.Collect$$$$00000000  mc_w.l(entry.o)
    0x080001c4   0x00000004   Code   RO         5156    .ARM.Collect$$$$00000001  mc_w.l(entry2.o)
    0x080001c8   0x00000004   Code   RO         5159    .ARM.Collect$$$$00000004  mc_w.l(entry5.o)
    0x080001cc   0x00000000   Code   RO         5161    .ARM.Collect$$$$00000008  mc_w.l(entry7b.o)
    0x080001cc   0x00000000   Code   RO         5163    .ARM.Collect$$$$0000000A  mc_w.l(entry8b.o)
    0x080001cc   0x00000008   Code   RO         5164    .ARM.Collect$$$$0000000B  mc_w.l(entry9a.o)
    0x080001d4   0x00000000   Code   RO         5166    .ARM.Collect$$$$0000000D  mc_w.l(entry10a.o)
    0x080001d4   0x00000000   Code   RO         5168    .ARM.Collect$$$$0000000F  mc_w.l(entry11a.o)
    0x080001d4   0x00000004   Code   RO         5157    .ARM.Collect$$$$00002712  mc_w.l(entry2.o)
    0x080001d8   0x00000024   Code   RO            4    .text               startup_stm32f446xx.o
    0x080001fc   0x00000062   Code   RO         4877    .text               mc_w.l(uldiv.o)
    0x0800025e   0x00000024   Code   RO         4879    .text               mc_w.l(memseta.o)
    0x08000282   0x0000014e   Code   RO         5146    .text               mf_w.l(dadd.o)
    0x080003d0   0x000000e4   Code   RO         5148    .text               mf_w.l(dmul.o)
    0x080004b4   0x0000001a   Code   RO         5150    .text               mf_w.l(dfltui.o)
    0x080004ce   0x00000026   Code   RO         5152    .text               mf_w.l(f2d.o)
    0x080004f4   0x00000038   Code   RO         5154    .text               mf_w.l(d2f.o)
    0x0800052c   0x0000002c   Code   RO         5170    .text               mc_w.l(uidiv.o)
    0x08000558   0x0000001e   Code   RO         5172    .text               mc_w.l(llshl.o)
    0x08000576   0x00000020   Code   RO         5174    .text               mc_w.l(llushr.o)
    0x08000596   0x00000024   Code   RO         5176    .text               mc_w.l(llsshr.o)
    0x080005ba   0x00000000   Code   RO         5178    .text               mc_w.l(iusefp.o)
    0x080005ba   0x0000006e   Code   RO         5179    .text               mf_w.l(fepilogue.o)
    0x08000628   0x000000ba   Code   RO         5181    .text               mf_w.l(depilogue.o)
    0x080006e2   0x000000de   Code   RO         5183    .text               mf_w.l(ddiv.o)
    0x080007c0   0x00000030   Code   RO         5185    .text               mf_w.l(dfixul.o)
    0x080007f0   0x00000030   Code   RO         5187    .text               mf_w.l(cdrcmple.o)
    0x08000820   0x00000024   Code   RO         5189    .text               mc_w.l(init.o)
    0x08000844   0x0000005e   Code   RO         5199    .text               mc_w.l(__dclz77c.o)
    0x080008a2   0x00000002   PAD
    0x080008a4   0x00000128   Code   RO         1467    i.ADC_Init          stm32f4xx_hal_adc.o
    0x080009cc   0x00000240   Code   RO          629    i.ADC_Value         adc.o
    0x08000c0c   0x000000e4   Code   RO          796    i.BQ_25792_init     i2c.o
    0x08000cf0   0x00000002   Code   RO         1236    i.BusFault_Handler  stm32f4xx_it.o
    0x08000cf2   0x00000002   Code   RO         1237    i.DebugMon_Handler  stm32f4xx_it.o
    0x08000cf4   0x00000080   Code   RO         1238    i.EXTI15_10_IRQHandler  stm32f4xx_it.o
    0x08000d74   0x00000002   Code   RO          466    i.Error_Handler     main.o
    0x08000d76   0x00000002   PAD
    0x08000d78   0x00000040   Code   RO         3574    i.FMC_NORSRAM_Extended_Timing_Init  stm32f4xx_ll_fmc.o
    0x08000db8   0x00000078   Code   RO         3575    i.FMC_NORSRAM_Init  stm32f4xx_ll_fmc.o
    0x08000e30   0x0000005c   Code   RO         3576    i.FMC_NORSRAM_Timing_Init  stm32f4xx_ll_fmc.o
    0x08000e8c   0x00000164   Code   RO         1469    i.HAL_ADC_ConfigChannel  stm32f4xx_hal_adc.o
    0x08000ff0   0x00000006   Code   RO         1476    i.HAL_ADC_GetValue  stm32f4xx_hal_adc.o
    0x08000ff6   0x00000054   Code   RO         1478    i.HAL_ADC_Init      stm32f4xx_hal_adc.o
    0x0800104a   0x00000002   PAD
    0x0800104c   0x00000080   Code   RO          631    i.HAL_ADC_MspInit   adc.o
    0x080010cc   0x000000a2   Code   RO         1482    i.HAL_ADC_PollForConversion  stm32f4xx_hal_adc.o
    0x0800116e   0x00000002   PAD
    0x08001170   0x000000ec   Code   RO         1484    i.HAL_ADC_Start     stm32f4xx_hal_adc.o
    0x0800125c   0x0000003c   Code   RO         1487    i.HAL_ADC_Stop      stm32f4xx_hal_adc.o
    0x08001298   0x0000011a   Code   RO         3300    i.HAL_CAN_Init      stm32f4xx_hal_can.o
    0x080013b2   0x00000002   PAD
    0x080013b4   0x0000006c   Code   RO          678    i.HAL_CAN_MspInit   can.o
    0x08001420   0x00000024   Code   RO         2599    i.HAL_DMA_Abort_IT  stm32f4xx_hal_dma.o
    0x08001444   0x00000006   Code   RO         2602    i.HAL_DMA_GetState  stm32f4xx_hal_dma.o
    0x0800144a   0x00000002   PAD
    0x0800144c   0x0000008c   Code   RO          748    i.HAL_FMC_MspInit   fmc.o
    0x080014d8   0x000001a8   Code   RO         2491    i.HAL_GPIO_Init     stm32f4xx_hal_gpio.o
    0x08001680   0x0000000c   Code   RO         3041    i.HAL_GetTick       stm32f4xx_hal.o
    0x0800168c   0x00000002   Code   RO         3836    i.HAL_I2C_AbortCpltCallback  stm32f4xx_hal_i2c.o
    0x0800168e   0x00000002   Code   RO         3837    i.HAL_I2C_AddrCallback  stm32f4xx_hal_i2c.o
    0x08001690   0x000000ba   Code   RO         3840    i.HAL_I2C_ER_IRQHandler  stm32f4xx_hal_i2c.o
    0x0800174a   0x00000266   Code   RO         3841    i.HAL_I2C_EV_IRQHandler  stm32f4xx_hal_i2c.o
    0x080019b0   0x00000002   Code   RO         3843    i.HAL_I2C_ErrorCallback  stm32f4xx_hal_i2c.o
    0x080019b2   0x00000002   PAD
    0x080019b4   0x00000188   Code   RO         3847    i.HAL_I2C_Init      stm32f4xx_hal_i2c.o
    0x08001b3c   0x00000002   Code   RO         3849    i.HAL_I2C_ListenCpltCallback  stm32f4xx_hal_i2c.o
    0x08001b3e   0x00000002   Code   RO         3850    i.HAL_I2C_MasterRxCpltCallback  stm32f4xx_hal_i2c.o
    0x08001b40   0x00000002   Code   RO         3851    i.HAL_I2C_MasterTxCpltCallback  stm32f4xx_hal_i2c.o
    0x08001b42   0x00000002   Code   RO         3863    i.HAL_I2C_MemRxCpltCallback  stm32f4xx_hal_i2c.o
    0x08001b44   0x00000002   Code   RO         3864    i.HAL_I2C_MemTxCpltCallback  stm32f4xx_hal_i2c.o
    0x08001b46   0x00000002   PAD
    0x08001b48   0x0000008c   Code   RO          798    i.HAL_I2C_MspInit   i2c.o
    0x08001bd4   0x00000002   Code   RO         3873    i.HAL_I2C_SlaveRxCpltCallback  stm32f4xx_hal_i2c.o
    0x08001bd6   0x00000002   Code   RO         3874    i.HAL_I2C_SlaveTxCpltCallback  stm32f4xx_hal_i2c.o
    0x08001bd8   0x00000010   Code   RO         3047    i.HAL_IncTick       stm32f4xx_hal.o
    0x08001be8   0x00000034   Code   RO         3048    i.HAL_Init          stm32f4xx_hal.o
    0x08001c1c   0x00000040   Code   RO         3049    i.HAL_InitTick      stm32f4xx_hal.o
    0x08001c5c   0x00000030   Code   RO         1388    i.HAL_MspInit       stm32f4xx_hal_msp.o
    0x08001c8c   0x0000001a   Code   RO         2898    i.HAL_NVIC_EnableIRQ  stm32f4xx_hal_cortex.o
    0x08001ca6   0x00000002   PAD
    0x08001ca8   0x00000040   Code   RO         2904    i.HAL_NVIC_SetPriority  stm32f4xx_hal_cortex.o
    0x08001ce8   0x00000024   Code   RO         2905    i.HAL_NVIC_SetPriorityGrouping  stm32f4xx_hal_cortex.o
    0x08001d0c   0x00000020   Code   RO         2060    i.HAL_RCC_GetPCLK1Freq  stm32f4xx_hal_rcc.o
    0x08001d2c   0x00000080   Code   RO         4304    i.HAL_SPI_Init      stm32f4xx_hal_spi.o
    0x08001dac   0x00000068   Code   RO          911    i.HAL_SPI_MspInit   spi.o
    0x08001e14   0x00000056   Code   RO         3720    i.HAL_SRAM_Init     stm32f4xx_hal_sram.o
    0x08001e6a   0x00000004   Code   RO          750    i.HAL_SRAM_MspInit  fmc.o
    0x08001e6e   0x00000036   Code   RO         3723    i.HAL_SRAM_Read_16b  stm32f4xx_hal_sram.o
    0x08001ea4   0x00000042   Code   RO         3729    i.HAL_SRAM_Write_16b  stm32f4xx_hal_sram.o
    0x08001ee6   0x00000018   Code   RO         2907    i.HAL_SYSTICK_CLKSourceConfig  stm32f4xx_hal_cortex.o
    0x08001efe   0x00000028   Code   RO         2909    i.HAL_SYSTICK_Config  stm32f4xx_hal_cortex.o
    0x08001f26   0x00000002   Code   RO         1239    i.HardFault_Handler  stm32f4xx_it.o
    0x08001f28   0x0000000c   Code   RO         1240    i.I2C1_ER_IRQHandler  stm32f4xx_it.o
    0x08001f34   0x0000000c   Code   RO         1241    i.I2C1_EV_IRQHandler  stm32f4xx_it.o
    0x08001f40   0x000000bc   Code   RO         3885    i.I2C_DMAAbort      stm32f4xx_hal_i2c.o
    0x08001ffc   0x00000158   Code   RO         3888    i.I2C_ITError       stm32f4xx_hal_i2c.o
    0x08002154   0x000000d2   Code   RO         3890    i.I2C_MasterReceive_BTF  stm32f4xx_hal_i2c.o
    0x08002226   0x00000002   PAD
    0x08002228   0x000000e8   Code   RO         3891    i.I2C_MasterReceive_RXNE  stm32f4xx_hal_i2c.o
    0x08002310   0x00000074   Code   RO         3894    i.I2C_MasterTransmit_BTF  stm32f4xx_hal_i2c.o
    0x08002384   0x000000b6   Code   RO         3895    i.I2C_MasterTransmit_TXE  stm32f4xx_hal_i2c.o
    0x0800243a   0x00000002   PAD
    0x0800243c   0x00000118   Code   RO         3896    i.I2C_Master_ADDR   stm32f4xx_hal_i2c.o
    0x08002554   0x0000008c   Code   RO         3897    i.I2C_Master_SB     stm32f4xx_hal_i2c.o
    0x080025e0   0x000000a0   Code   RO         3898    i.I2C_MemoryTransmit_TXE_BTF  stm32f4xx_hal_i2c.o
    0x08002680   0x00000084   Code   RO         3901    i.I2C_Slave_AF      stm32f4xx_hal_i2c.o
    0x08002704   0x0000015c   Code   RO         3902    i.I2C_Slave_STOPF   stm32f4xx_hal_i2c.o
    0x08002860   0x00000040   Code   RO          799    i.IIC_Ack           i2c.o
    0x080028a0   0x00000040   Code   RO          800    i.IIC_NAck          i2c.o
    0x080028e0   0x00000048   Code   RO          801    i.IIC_ReadOneByte   i2c.o
    0x08002928   0x00000052   Code   RO          802    i.IIC_ReadTwoByte   i2c.o
    0x0800297a   0x00000002   PAD
    0x0800297c   0x00000068   Code   RO          803    i.IIC_Read_Byte     i2c.o
    0x080029e4   0x00000054   Code   RO          804    i.IIC_Send_Byte     i2c.o
    0x08002a38   0x00000038   Code   RO          805    i.IIC_Start         i2c.o
    0x08002a70   0x0000003c   Code   RO          806    i.IIC_Stop          i2c.o
    0x08002aac   0x00000054   Code   RO          807    i.IIC_Wait_Ack      i2c.o
    0x08002b00   0x0000003e   Code   RO          808    i.IIC_WriteOneByte  i2c.o
    0x08002b3e   0x00000048   Code   RO          809    i.IIC_WriteTwoByte  i2c.o
    0x08002b86   0x00000002   PAD
    0x08002b88   0x00000018   Code   RO          542    i.LL_AHB1_GRP1_EnableClock  gpio.o
    0x08002ba0   0x00000018   Code   RO          952    i.LL_AHB1_GRP1_EnableClock  tim.o
    0x08002bb8   0x00000018   Code   RO         1100    i.LL_AHB1_GRP1_EnableClock  usart.o
    0x08002bd0   0x00000018   Code   RO          953    i.LL_APB1_GRP1_EnableClock  tim.o
    0x08002be8   0x00000018   Code   RO         1101    i.LL_APB1_GRP1_EnableClock  usart.o
    0x08002c00   0x000000a0   Code   RO         2014    i.LL_EXTI_Init      stm32f4xx_ll_exti.o
    0x08002ca0   0x00000014   Code   RO         1242    i.LL_EXTI_IsActiveFlag_0_31  stm32f4xx_it.o
    0x08002cb4   0x00000136   Code   RO         1415    i.LL_GPIO_Init      stm32f4xx_ll_gpio.o
    0x08002dea   0x0000000e   Code   RO         1243    i.LL_GPIO_IsInputPinSet  stm32f4xx_it.o
    0x08002df8   0x00000026   Code   RO          544    i.LL_GPIO_SetPinMode  gpio.o
    0x08002e1e   0x00000026   Code   RO          545    i.LL_GPIO_SetPinPull  gpio.o
    0x08002e44   0x00000020   Code   RO         1746    i.LL_RCC_GetSystemClocksFreq  stm32f4xx_ll_rcc.o
    0x08002e64   0x00000010   Code   RO         1750    i.LL_RCC_PLL_GetDivider  stm32f4xx_ll_rcc.o
    0x08002e74   0x00000010   Code   RO         1751    i.LL_RCC_PLL_GetMainSource  stm32f4xx_ll_rcc.o
    0x08002e84   0x00000010   Code   RO         1752    i.LL_RCC_PLL_GetN   stm32f4xx_ll_rcc.o
    0x08002e94   0x00000010   Code   RO         1753    i.LL_RCC_PLL_GetR   stm32f4xx_ll_rcc.o
    0x08002ea4   0x00000028   Code   RO          546    i.LL_SYSCFG_SetEXTISource  gpio.o
    0x08002ecc   0x0000000c   Code   RO         1935    i.LL_SetSystemCoreClock  stm32f4xx_ll_utils.o
    0x08002ed8   0x0000005c   Code   RO          954    i.LL_TIM_IC_SetActiveInput  tim.o
    0x08002f34   0x0000005c   Code   RO          955    i.LL_TIM_IC_SetFilter  tim.o
    0x08002f90   0x00000050   Code   RO          956    i.LL_TIM_IC_SetPolarity  tim.o
    0x08002fe0   0x0000005c   Code   RO          957    i.LL_TIM_IC_SetPrescaler  tim.o
    0x0800303c   0x000000c8   Code   RO         4664    i.LL_TIM_Init       stm32f4xx_ll_tim.o
    0x08003104   0x000000a0   Code   RO         4778    i.LL_USART_Init     stm32f4xx_ll_usart.o
    0x080031a4   0x000000b0   Code   RO         4779    i.LL_USART_SetBaudRate  stm32f4xx_ll_usart.o
    0x08003254   0x0000001e   Code   RO         1936    i.LL_mDelay         stm32f4xx_ll_utils.o
    0x08003272   0x00000002   PAD
    0x08003274   0x000000f0   Code   RO          632    i.MX_ADC1_Init      adc.o
    0x08003364   0x0000003c   Code   RO          679    i.MX_CAN1_Init      can.o
    0x080033a0   0x000000d4   Code   RO          719    i.MX_DMA_Init       dma.o
    0x08003474   0x00000074   Code   RO          751    i.MX_FMC_Init       fmc.o
    0x080034e8   0x00000204   Code   RO          547    i.MX_GPIO_Init      gpio.o
    0x080036ec   0x00000040   Code   RO          810    i.MX_I2C1_Init      i2c.o
    0x0800372c   0x00000044   Code   RO          912    i.MX_SPI1_Init      spi.o
    0x08003770   0x000000e8   Code   RO          958    i.MX_TIM3_Init      tim.o
    0x08003858   0x00000068   Code   RO          959    i.MX_TIM6_Init      tim.o
    0x080038c0   0x00000068   Code   RO          960    i.MX_TIM7_Init      tim.o
    0x08003928   0x000000ec   Code   RO          961    i.MX_TIM9_Init      tim.o
    0x08003a14   0x000000a4   Code   RO         1102    i.MX_UART4_Init     usart.o
    0x08003ab8   0x000000d0   Code   RO         1103    i.MX_UART5_Init     usart.o
    0x08003b88   0x000000b4   Code   RO         1104    i.MX_USART1_UART_Init  usart.o
    0x08003c3c   0x00000002   Code   RO         1244    i.MemManage_Handler  stm32f4xx_it.o
    0x08003c3e   0x00000002   Code   RO         1245    i.NMI_Handler       stm32f4xx_it.o
    0x08003c40   0x00000032   Code   RO          962    i.NVIC_EncodePriority  tim.o
    0x08003c72   0x00000032   Code   RO         1105    i.NVIC_EncodePriority  usart.o
    0x08003ca4   0x00000002   Code   RO         1246    i.PendSV_Handler    stm32f4xx_it.o
    0x08003ca6   0x00000002   PAD
    0x08003ca8   0x0000001c   Code   RO         1755    i.RCC_GetHCLKClockFreq  stm32f4xx_ll_rcc.o
    0x08003cc4   0x0000001c   Code   RO         1756    i.RCC_GetPCLK1ClockFreq  stm32f4xx_ll_rcc.o
    0x08003ce0   0x0000001c   Code   RO         1757    i.RCC_GetPCLK2ClockFreq  stm32f4xx_ll_rcc.o
    0x08003cfc   0x00000030   Code   RO         1758    i.RCC_GetSystemClockFreq  stm32f4xx_ll_rcc.o
    0x08003d2c   0x00000054   Code   RO         1768    i.RCC_PLL_GetFreqDomain_SYS  stm32f4xx_ll_rcc.o
    0x08003d80   0x00000002   Code   RO         1247    i.SVC_Handler       stm32f4xx_it.o
    0x08003d82   0x00000002   PAD
    0x08003d84   0x000000d4   Code   RO          401    i.Screen_RESET_init  screen.o
    0x08003e58   0x0000014c   Code   RO          402    i.Screen_current_value  screen.o
    0x08003fa4   0x00000998   Code   RO          403    i.Screen_fmc_fpga   screen.o
    0x0800493c   0x00000064   Code   RO          404    i.Screen_init       screen.o
    0x080049a0   0x00000004   Code   RO         1248    i.SysTick_Handler   stm32f4xx_it.o
    0x080049a4   0x000000e0   Code   RO          467    i.SystemClock_Config  main.o
    0x08004a84   0x0000001c   Code   RO         4840    i.SystemInit        system_stm32f4xx.o
    0x08004aa0   0x00000002   Code   RO         1249    i.TIM1_BRK_TIM9_IRQHandler  stm32f4xx_it.o
    0x08004aa2   0x00000004   Code   RO         1250    i.TIM3_IRQHandler   stm32f4xx_it.o
    0x08004aa6   0x00000002   PAD
    0x08004aa8   0x00000054   Code   RO          963    i.TIM3_Input_capture  tim.o
    0x08004afc   0x00000040   Code   RO          964    i.TIM3_init         tim.o
    0x08004b3c   0x00000004   Code   RO         1251    i.TIM6_DAC_IRQHandler  stm32f4xx_it.o
    0x08004b40   0x0000003c   Code   RO          965    i.TIM6_IRQ          tim.o
    0x08004b7c   0x00000024   Code   RO          966    i.TIM7_IRQ          tim.o
    0x08004ba0   0x00000004   Code   RO         1252    i.TIM7_IRQHandler   stm32f4xx_it.o
    0x08004ba4   0x00000004   Code   RO         1253    i.UART4_IRQHandler  stm32f4xx_it.o
    0x08004ba8   0x00000094   Code   RO         1107    i.UART4_RxIdleCallback  usart.o
    0x08004c3c   0x00000004   Code   RO         1254    i.UART5_IRQHandler  stm32f4xx_it.o
    0x08004c40   0x00000094   Code   RO         1108    i.UART5_RxIdleCallback  usart.o
    0x08004cd4   0x00000024   Code   RO         1109    i.UART5_Send        usart.o
    0x08004cf8   0x00000004   Code   RO         1255    i.USART1_IRQHandler  stm32f4xx_it.o
    0x08004cfc   0x00000070   Code   RO         1110    i.USART1_RxIdleCallback  usart.o
    0x08004d6c   0x00000002   Code   RO         1256    i.UsageFault_Handler  stm32f4xx_it.o
    0x08004d6e   0x00000002   PAD
    0x08004d70   0x00000020   Code   RO         5118    i.__0printf         mc_w.l(printfa.o)
    0x08004d90   0x0000001a   Code   RO          969    i.__NVIC_EnableIRQ  tim.o
    0x08004daa   0x0000001a   Code   RO         1111    i.__NVIC_EnableIRQ  usart.o
    0x08004dc4   0x00000010   Code   RO          970    i.__NVIC_GetPriorityGrouping  tim.o
    0x08004dd4   0x00000020   Code   RO          971    i.__NVIC_SetPriority  tim.o
    0x08004df4   0x00000020   Code   RO         1112    i.__NVIC_SetPriority  usart.o
    0x08004e14   0x00000020   Code   RO         2911    i.__NVIC_SetPriority  stm32f4xx_hal_cortex.o
    0x08004e34   0x0000000e   Code   RO         5193    i.__scatterload_copy  mc_w.l(handlers.o)
    0x08004e42   0x00000002   Code   RO         5194    i.__scatterload_null  mc_w.l(handlers.o)
    0x08004e44   0x0000000e   Code   RO         5195    i.__scatterload_zeroinit  mc_w.l(handlers.o)
    0x08004e52   0x00000002   PAD
    0x08004e54   0x00000164   Code   RO         5125    i._fp_digits        mc_w.l(printfa.o)
    0x08004fb8   0x000006dc   Code   RO         5126    i._printf_core      mc_w.l(printfa.o)
    0x08005694   0x00000024   Code   RO         5127    i._printf_post_padding  mc_w.l(printfa.o)
    0x080056b8   0x0000002e   Code   RO         5128    i._printf_pre_padding  mc_w.l(printfa.o)
    0x080056e6   0x00000002   PAD
    0x080056e8   0x00000014   Code   RO           13    i.delay_init        delay.o
    0x080056fc   0x0000001a   Code   RO           14    i.delay_ms          delay.o
    0x08005716   0x00000002   PAD
    0x08005718   0x00000034   Code   RO           15    i.delay_us          delay.o
    0x0800574c   0x00000014   Code   RO         1114    i.fputc             usart.o
    0x08005760   0x00000178   Code   RO          468    i.main              main.o
    0x080058d8   0x00000008   Data   RO          720    .constdata          dma.o
    0x080058e0   0x00000015   Data   RO          972    .constdata          tim.o
    0x080058f5   0x00000010   Data   RO         4841    .constdata          system_stm32f4xx.o
    0x08005905   0x00000008   Data   RO         4842    .constdata          system_stm32f4xx.o
    0x0800590d   0x00000003   PAD
    0x08005910   0x00000020   Data   RO         5191    Region$$Table       anon$$obj.o


    Execution Region RW_IRAM1 (Base: 0x20000000, Size: 0x00004f70, Max: 0x00020000, ABSOLUTE, COMPRESSED[0x00000220])

    Base Addr    Size         Type   Attr      Idx    E Section Name        Object

    0x20000000   0x00000004   Data   RW           16    .data               delay.o
    0x20000004   0x000004d8   Data   RW          407    .data               screen.o
    0x200004dc   0x0000026c   Data   RW          550    .data               gpio.o
    0x20000748   0x00000008   Data   RW          753    .data               fmc.o
    0x20000750   0x00000008   Data   RW          973    .data               tim.o
    0x20000758   0x0000000e   Data   RW         1119    .data               usart.o
    0x20000766   0x00000002   PAD
    0x20000768   0x00000004   Data   RW         1124    .data               usart.o
    0x2000076c   0x0000000c   Data   RW         3055    .data               stm32f4xx_hal.o
    0x20000778   0x00000004   Data   RW         4843    .data               system_stm32f4xx.o
    0x2000077c   0x00001858   Zero   RW          405    .bss                screen.o
    0x20001fd4   0x00000048   Zero   RW          633    .bss                adc.o
    0x2000201c   0x00000028   Zero   RW          680    .bss                can.o
    0x20002044   0x00000050   Zero   RW          752    .bss                fmc.o
    0x20002094   0x00000054   Zero   RW          811    .bss                i2c.o
    0x200020e8   0x00000058   Zero   RW          913    .bss                spi.o
    0x20002140   0x00002a30   Zero   RW         1116    .bss                usart.o
    0x20004b70   0x00000400   Zero   RW            1    STACK               startup_stm32f446xx.o


==============================================================================

Image component sizes


      Code (inc. data)   RO Data    RW Data    ZI Data      Debug   Object Name

       944         78          0          0         72       2965   adc.o
       168         22          0          0         40       1657   can.o
        98          8          0          4          0     726379   delay.o
       212         14          8          0          0      16826   dma.o
         0          0          0          0          0      55912   esp32.o
       260         32          0          8         80       2226   fmc.o
       656         50          0        620          0      50906   gpio.o
      1236         76          0          0         84      10270   i2c.o
       602         82          0          0          0      80452   main.o
      3100        216          0       1240       6232      32680   screen.o
       172         20          0          0         88       1665   spi.o
        36          8        452          0       1024        848   startup_stm32f446xx.o
       144         24          0         12          0       8685   stm32f4xx_hal.o
      1200         60          0          0          0       5665   stm32f4xx_hal_adc.o
       282          0          0          0          0       1335   stm32f4xx_hal_can.o
       222         14          0          0          0      34293   stm32f4xx_hal_cortex.o
        42          0          0          0          0       1790   stm32f4xx_hal_dma.o
       424         40          0          0          0       1600   stm32f4xx_hal_gpio.o
      3544         54          0          0          0      20465   stm32f4xx_hal_i2c.o
        48          6          0          0          0        854   stm32f4xx_hal_msp.o
        32         12          0          0          0       1285   stm32f4xx_hal_rcc.o
       128          0          0          0          0       1159   stm32f4xx_hal_spi.o
       206          0          0          0          0       2709   stm32f4xx_hal_sram.o
       232         36          0          0          0      12950   stm32f4xx_it.o
       160          4          0          0          0       4867   stm32f4xx_ll_exti.o
       276         14          0          0          0       2608   stm32f4xx_ll_fmc.o
       310          0          0          0          0       6939   stm32f4xx_ll_gpio.o
       312         70          0          0          0      56449   stm32f4xx_ll_rcc.o
       200         44          0          0          0      31014   stm32f4xx_ll_tim.o
       336         24          0          0          0      15924   stm32f4xx_ll_usart.o
        42          6          0          0          0       8920   stm32f4xx_ll_utils.o
        28          6         24          4          0       1167   system_stm32f4xx.o
      1448        114         21          8          0      76178   tim.o
      1172        124          0         18      10800      50325   usart.o

    ----------------------------------------------------------------------
     18308       1258        540       1916      18420    1329967   Object Totals
         0          0         32          0          0          0   (incl. Generated)
        36          0          3          2          0          0   (incl. Padding)

    ----------------------------------------------------------------------

      Code (inc. data)   RO Data    RW Data    ZI Data      Debug   Library Member Name

        94          0          0          0          0          0   __dclz77c.o
         0          0          0          0          0          0   entry.o
         0          0          0          0          0          0   entry10a.o
         0          0          0          0          0          0   entry11a.o
         8          4          0          0          0          0   entry2.o
         4          0          0          0          0          0   entry5.o
         0          0          0          0          0          0   entry7b.o
         0          0          0          0          0          0   entry8b.o
         8          4          0          0          0          0   entry9a.o
        30          0          0          0          0          0   handlers.o
        36          8          0          0          0         68   init.o
         0          0          0          0          0          0   iusefp.o
        30          0          0          0          0         68   llshl.o
        36          0          0          0          0         68   llsshr.o
        32          0          0          0          0         68   llushr.o
        36          0          0          0          0        108   memseta.o
      2226         90          0          0          0        444   printfa.o
        44          0          0          0          0         80   uidiv.o
        98          0          0          0          0         92   uldiv.o
        48          0          0          0          0         68   cdrcmple.o
        56          0          0          0          0         88   d2f.o
       334          0          0          0          0        148   dadd.o
       222          0          0          0          0        100   ddiv.o
       186          0          0          0          0        176   depilogue.o
        48          0          0          0          0         68   dfixul.o
        26          0          0          0          0         76   dfltui.o
       228          0          0          0          0         96   dmul.o
        38          0          0          0          0         68   f2d.o
       110          0          0          0          0        168   fepilogue.o

    ----------------------------------------------------------------------
      3984        106          0          0          0       2052   Library Totals
         6          0          0          0          0          0   (incl. Padding)

    ----------------------------------------------------------------------

      Code (inc. data)   RO Data    RW Data    ZI Data      Debug   Library Name

      2682        106          0          0          0        996   mc_w.l
      1296          0          0          0          0       1056   mf_w.l

    ----------------------------------------------------------------------
      3984        106          0          0          0       2052   Library Totals

    ----------------------------------------------------------------------

==============================================================================


      Code (inc. data)   RO Data    RW Data    ZI Data      Debug   

     22292       1364        540       1916      18420    1315715   Grand Totals
     22292       1364        540        544      18420    1315715   ELF Image Totals (compressed)
     22292       1364        540        544          0          0   ROM Totals

==============================================================================

    Total RO  Size (Code + RO Data)                22832 (  22.30kB)
    Total RW  Size (RW Data + ZI Data)             20336 (  19.86kB)
    Total ROM Size (Code + RO Data + RW Data)      23376 (  22.83kB)

==============================================================================

