<html>
<body>
<pre>
<h1>礦ision Build Log</h1>
<h2>Tool Versions:</h2>
IDE-Version: μVision V5.14.0.0
Copyright (C) 2015 ARM Ltd and ARM Germany GmbH. All rights reserved.
License Information: L Hy,  , LIC=----
 
Tool Versions:
Toolchain:       MDK-Lite  Version: 5.14.0.0
Toolchain Path:  C:\Keil_v5\ARM\ARMCC\Bin
C Compiler:      Armcc.exe V5.05 update 1 (build 106)
Assembler:       Armasm.exe V5.05 update 1 (build 106)
Linker/Locator:  ArmLink.exe V5.05 update 1 (build 106)
Library Manager: ArmAr.exe V5.05 update 1 (build 106)
Hex Converter:   FromElf.exe V5.05 update 1 (build 106)
CPU DLL:         SARMCM3.DLL V5.14.0.0
Dialog DLL:      DCM.DLL V1.13.1.0
Target DLL:      Segger\JL2CM3.dll V2.99.13.0
Dialog DLL:      TCM.DLL V1.14.4.0
 
<h2>Project:</h2>
C:\Users\Hy\Desktop\FES Code\20test V1.0\616_F446\MDK-ARM\STM32F446.uvprojx
Project File Date:  06/19/2022

<h2>Output:</h2>
Build target 'STM32F446'
assembling startup_stm32f446xx.s...
compiling delay.c...
compiling sys.c...
compiling esp32.c...
..\Src\esp32.c(186): warning:  #2548-D: multicharacter character literal (potential portability problem)
                                if((reg_state ==1) &&(reg_num!= '21')) //除了data_in 其余寄存器只需赋值一次
..\Src\esp32.c(190): warning:  #2548-D: multicharacter character literal (potential portability problem)
                                else if ((reg_state ==1) && (reg_num== '21')) // data_in连续赋值
..\Src\esp32.c: 2 warnings, 0 errors
compiling UART_menu.c...
..\Src\UART_menu.c(83): warning:  #175-D: subscript out of range
                                        reg_num = (short) (strRx[1]<<8 | (strRx[2])) ; 
..\Src\UART_menu.c(199): warning:  #2548-D: multicharacter character literal (potential portability problem)
                                case '11':
..\Src\UART_menu.c(210): warning:  #2548-D: multicharacter character literal (potential portability problem)
                                case '12':
..\Src\UART_menu.c(220): warning:  #2548-D: multicharacter character literal (potential portability problem)
                                case '13':
..\Src\UART_menu.c(230): warning:  #2548-D: multicharacter character literal (potential portability problem)
                                case '14':
..\Src\UART_menu.c(240): warning:  #2548-D: multicharacter character literal (potential portability problem)
                                case '15':
..\Src\UART_menu.c(250): warning:  #2548-D: multicharacter character literal (potential portability problem)
                                case '16':
..\Src\UART_menu.c(260): warning:  #2548-D: multicharacter character literal (potential portability problem)
                                case '17':
..\Src\UART_menu.c(271): warning:  #2548-D: multicharacter character literal (potential portability problem)
                                case '18':
..\Src\UART_menu.c(281): warning:  #2548-D: multicharacter character literal (potential portability problem)
                                case '19':
..\Src\UART_menu.c: 10 warnings, 0 errors
compiling Screen.c...
compiling main.c...
../Src/main.c(151): warning:  #177-D: variable "FES_out" was declared but never referenced
        uint8_t FES_out = 0;
../Src/main.c(152): warning:  #177-D: variable "FES_Cnt" was declared but never referenced
        uint8_t FES_Cnt = 6;  //周期计数 总需求 *6
../Src/main.c(153): warning:  #177-D: variable "FES_Flag" was declared but never referenced
        uint8_t FES_Flag = 0; //默认开始静息状态
../Src/main.c(154): warning:  #177-D: variable "Relax_Flag" was declared but never referenced
        uint8_t Relax_Flag = 1;
../Src/main.c: 4 warnings, 0 errors
compiling gpio.c...
../Src/gpio.c(328): warning:  #940-D: missing return statement at end of non-void function "Read_Key"
  }
../Src/gpio.c: 1 warning, 0 errors
compiling adc.c...
../Src/adc.c(225): warning:  #1035-D: single-precision operand implicitly converted to double-precision
                                        ad1_4[j] = ad1_4[j] + (float)(ADC_Value[j]&0xFFF)*3.3/4096;             
../Src/adc.c(241): warning:  #1035-D: single-precision operand implicitly converted to double-precision
                                        ad5_8[j] = ad5_8[j] + (float)(ADC_Value[j]&0xFFF)*3.3/4096;             
../Src/adc.c(257): warning:  #1035-D: single-precision operand implicitly converted to double-precision
                                        ad9_12[j] = ad9_12[j] + (float)(ADC_Value[j]&0xFFF)*3.3/4096;           
../Src/adc.c: 3 warnings, 0 errors
compiling can.c...
compiling dma.c...
compiling fmc.c...
compiling i2c.c...
../Src/i2c.c(337): warning:  #550-D: variable "En_Charge" was set but never used
        uint8_t En_Charge = 0;
../Src/i2c.c: 1 warning, 0 errors
compiling spi.c...
compiling tim.c...
../Src/tim.c(237): warning:  #186-D: pointless comparison of unsigned integer with zero
                if(sec_cnt<0) sec_cnt=0;
../Src/tim.c: 1 warning, 0 errors
compiling usart.c...
compiling stm32f4xx_it.c...
compiling stm32f4xx_hal_msp.c...
compiling stm32f4xx_ll_gpio.c...
compiling stm32f4xx_hal_adc.c...
compiling stm32f4xx_hal_adc_ex.c...
compiling stm32f4xx_ll_rcc.c...
compiling stm32f4xx_ll_utils.c...
compiling stm32f4xx_ll_exti.c...
compiling stm32f4xx_hal_rcc.c...
compiling stm32f4xx_hal_rcc_ex.c...
compiling stm32f4xx_hal_flash.c...
compiling stm32f4xx_hal_flash_ex.c...
compiling stm32f4xx_hal_flash_ramfunc.c...
compiling stm32f4xx_hal_gpio.c...
compiling stm32f4xx_hal_dma_ex.c...
compiling stm32f4xx_hal_dma.c...
compiling stm32f4xx_hal_pwr.c...
compiling stm32f4xx_hal_pwr_ex.c...
compiling stm32f4xx_hal_cortex.c...
compiling stm32f4xx_hal.c...
compiling stm32f4xx_hal_exti.c...
compiling stm32f4xx_hal_can.c...
compiling stm32f4xx_ll_dma.c...
compiling stm32f4xx_ll_fmc.c...
compiling stm32f4xx_hal_sram.c...
compiling stm32f4xx_hal_i2c.c...
compiling stm32f4xx_hal_i2c_ex.c...
compiling stm32f4xx_hal_spi.c...
compiling stm32f4xx_hal_tim.c...
compiling stm32f4xx_hal_tim_ex.c...
compiling stm32f4xx_ll_tim.c...
compiling stm32f4xx_ll_usart.c...
compiling system_stm32f4xx.c...
linking...
Program Size: Code=22292 RO-data=540 RW-data=1916 ZI-data=18420  
FromELF: creating hex file...
"STM32F446\STM32F446.axf" - 0 Error(s), 22 Warning(s).

<h2>Software Packages used:</h2>

Package Vendor: ARM
                http://www.keil.com/pack/ARM.CMSIS.4.2.0.pack
                ARM::CMSIS:CORE:3.40.0
                CMSIS (Cortex Microcontroller Software Interface Standard)
   * Component: CORE Version: 3.40.0

<h2>Collection of Component include folders:</h2>
  C:\Users\Hy\Desktop\FES Code\20test V1.0\616_F446\MDK-ARM\RTE
  C:\Keil_v5\ARM\PACK\ARM\CMSIS\4.2.0\CMSIS\Include
  C:\Keil_v5\ARM\PACK\Keil\STM32F4xx_DFP\2.15.0

<h2>Collection of Component Files used:</h2>

   * Component: ARM::CMSIS:CORE:3.40.0
      Source file:   CMSIS\UserCodeTemplates\ARM\ITM_Retarget.c
</pre>
</body>
</html>
